
> readline-library-bot@1.0.0 build
> tsc --project tsconfig.build.json

src/database/promoCodeFunctions.ts(43,55): error TS1005: ';' expected.
src/database/promoCodeFunctions.ts(45,11): error TS1005: ',' expected.
src/database/promoCodeFunctions.ts(46,17): error TS1005: ',' expected.
src/database/promoCodeFunctions.ts(46,69): error TS1005: ',' expected.
src/database/promoCodeFunctions.ts(47,23): error TS1005: ',' expected.
src/database/promoCodeFunctions.ts(47,30): error TS1005: ',' expected.
src/database/promoCodeFunctions.ts(49,7): error TS1128: Declaration or statement expected.
src/database/promoCodeFunctions.ts(50,5): error TS1128: Declaration or statement expected.
src/database/promoCodeFunctions.ts(51,3): error TS1128: Declaration or statement expected.
src/database/promoCodeFunctions.ts(51,4): error TS1128: Declaration or statement expected.
src/database/promoCodeFunctions.ts(52,1): error TS1128: Declaration or statement expected.
src/database/promoCodeFunctions.ts(178,64): error TS1005: ';' expected.
src/database/promoCodeFunctions.ts(180,9): error TS1005: ',' expected.
src/database/promoCodeFunctions.ts(183,5): error TS1005: ',' expected.
src/database/promoCodeFunctions.ts(183,6): error TS1005: ',' expected.
src/database/promoCodeFunctions.ts(184,3): error TS1128: Declaration or statement expected.
src/database/promoCodeFunctions.ts(184,4): error TS1128: Declaration or statement expected.
src/database/promoCodeFunctions.ts(185,1): error TS1128: Declaration or statement expected.
src/database/promoCodeFunctions.ts(213,64): error TS1005: ';' expected.
src/database/promoCodeFunctions.ts(215,11): error TS1005: ',' expected.
src/database/promoCodeFunctions.ts(216,17): error TS1005: ',' expected.
src/database/promoCodeFunctions.ts(216,76): error TS1005: ',' expected.
src/database/promoCodeFunctions.ts(219,7): error TS1005: ',' expected.
src/database/promoCodeFunctions.ts(220,5): error TS1128: Declaration or statement expected.
src/database/promoCodeFunctions.ts(221,3): error TS1128: Declaration or statement expected.
src/database/promoCodeFunctions.ts(221,4): error TS1128: Declaration or statement expected.
src/database/promoCodeFunctions.ts(222,1): error TS1128: Declaration or statement expected.
src/utils/bookDisplay.ts(61,54): error TS1005: ';' expected.
src/utils/bookDisplay.ts(112,56): error TS1005: ';' expected.
src/utils/notifications.ts(326,72): error TS1005: ';' expected.
src/utils/notifications.ts(326,73): error TS1005: ')' expected.
src/utils/notifications.ts(328,12): error TS1472: 'catch' or 'finally' expected.
src/utils/notifications.ts(329,9): error TS1128: Declaration or statement expected.
src/utils/notifications.ts(335,7): error TS1128: Declaration or statement expected.
src/utils/notifications.ts(336,5): error TS1128: Declaration or statement expected.
src/utils/notifications.ts(336,7): error TS1005: 'try' expected.
src/utils/notifications.ts(339,3): error TS1128: Declaration or statement expected.
src/utils/notifications.ts(339,4): error TS1128: Declaration or statement expected.
src/utils/notifications.ts(339,20): error TS1005: ';' expected.
src/utils/notifications.ts(342,1): error TS1128: Declaration or statement expected.
