2025-11-25 23:26:21 +02:00: ❌ [2025-11-25T21:26:21.326Z] [ERROR] Bot launch error
{
  "name": "Error",
  "message": "409: Conflict: terminated by other getUpdates request; make sure that only one bot instance is running",
  "stack": "Error: 409: Conflict: terminated by other getUpdates request; make sure that only one bot instance is running\n    at Telegram.callApi (C:\\Users\\dmitz\\Documents\\GitHub\\ReadLine\\node_modules\\telegraf\\lib\\core\\network\\client.js:315:19)\n    at processTicksAndRejections (node:internal/process/task_queues:105:5)\n    at Polling.[Symbol.asyncIterator] (C:\\Users\\dmitz\\Documents\\GitHub\\ReadLine\\node_modules\\telegraf\\lib\\core\\network\\polling.js:30:33)\n    at Polling.loop (C:\\Users\\dmitz\\Documents\\GitHub\\ReadLine\\node_modules\\telegraf\\lib\\core\\network\\polling.js:73:30)\n    at Telegraf.launch (C:\\Users\\dmitz\\Documents\\GitHub\\ReadLine\\node_modules\\telegraf\\lib\\telegraf.js:194:13)\n    at C:\\Users\\dmitz\\Documents\\GitHub\\ReadLine\\src\\index.ts:676:5"
}
2025-11-25 23:30:11 +02:00: ⚠️ [2025-11-25T21:30:11.957Z] [WARN] Admin action: start_add_podcast
{
  "adminId": 906087418
}
2025-11-25 23:31:42 +02:00: ⚠️ [2025-11-25T21:31:42.901Z] [WARN] Admin action: add_podcast
{
  "adminId": 906087418,
  "podcastId": 3
}
2025-11-25 23:37:23 +02:00: ❌ [2025-11-25T21:37:23.909Z] [ERROR] Failed to notify admin 547751718:
{
  "name": "Error",
  "message": "400: Bad Request: chat not found",
  "stack": "Error: 400: Bad Request: chat not found\n    at Telegram.callApi (C:\\Users\\dmitz\\Documents\\GitHub\\ReadLine\\node_modules\\telegraf\\lib\\core\\network\\client.js:315:19)\n    at processTicksAndRejections (node:internal/process/task_queues:105:5)\n    at C:\\Users\\dmitz\\Documents\\GitHub\\ReadLine\\src\\scenes\\bookOrderScene.ts:261:15\n    at execute (C:\\Users\\dmitz\\Documents\\GitHub\\ReadLine\\node_modules\\telegraf\\lib\\composer.js:518:17)\n    at C:\\Users\\dmitz\\Documents\\GitHub\\ReadLine\\node_modules\\telegraf\\lib\\composer.js:519:21\n    at execute (C:\\Users\\dmitz\\Documents\\GitHub\\ReadLine\\node_modules\\telegraf\\lib\\composer.js:518:17)\n    at C:\\Users\\dmitz\\Documents\\GitHub\\ReadLine\\node_modules\\telegraf\\lib\\composer.js:519:21\n    at execute (C:\\Users\\dmitz\\Documents\\GitHub\\ReadLine\\node_modules\\telegraf\\lib\\composer.js:518:17)\n    at execute (C:\\Users\\dmitz\\Documents\\GitHub\\ReadLine\\node_modules\\telegraf\\lib\\composer.js:518:17)\n    at C:\\Users\\dmitz\\Documents\\GitHub\\ReadLine\\node_modules\\telegraf\\lib\\composer.js:519:21"
}
2025-11-25 23:38:10 +02:00: ❌ [2025-11-25T21:38:10.588Z] [ERROR] Error refreshing book orders
{
  "name": "Error",
  "message": "400: Bad Request: message is not modified: specified new message content and reply markup are exactly the same as a current content and reply markup of the message",
  "stack": "Error: 400: Bad Request: message is not modified: specified new message content and reply markup are exactly the same as a current content and reply markup of the message\n    at Telegram.callApi (C:\\Users\\dmitz\\Documents\\GitHub\\ReadLine\\node_modules\\telegraf\\lib\\core\\network\\client.js:315:19)\n    at processTicksAndRejections (node:internal/process/task_queues:105:5)\n    at C:\\Users\\dmitz\\Documents\\GitHub\\ReadLine\\src\\handlers\\admin\\bookOrders.ts:141:7",
  "userId": 906087418
}
2025-11-25 23:39:25 +02:00: ⚠️ [2025-11-25T21:39:25.293Z] [WARN] Admin action: add_promo_code
{
  "adminId": 906087418,
  "code": "SUMMER20",
  "promoId": 1
}
2025-11-26 00:01:51 +02:00: Extended book info columns might already exist
2025-11-26 00:01:51 +02:00: EPUB columns might already exist
2025-11-26 01:12:55 +02:00: ❌ [2025-11-25T23:12:55.284Z] [ERROR] Error sending to admin
{
  "name": "Error",
  "message": "400: Bad Request: chat not found",
  "stack": "Error: 400: Bad Request: chat not found\n    at Telegram.callApi (C:\\Users\\dmitz\\Documents\\GitHub\\ReadLine\\node_modules\\telegraf\\lib\\core\\network\\client.js:315:19)\n    at processTicksAndRejections (node:internal/process/task_queues:105:5)\n    at C:\\Users\\dmitz\\Documents\\GitHub\\ReadLine\\src\\scenes\\feedbackScene.ts:107:5\n    at execute (C:\\Users\\dmitz\\Documents\\GitHub\\ReadLine\\node_modules\\telegraf\\lib\\composer.js:518:17)\n    at C:\\Users\\dmitz\\Documents\\GitHub\\ReadLine\\node_modules\\telegraf\\lib\\composer.js:519:21\n    at execute (C:\\Users\\dmitz\\Documents\\GitHub\\ReadLine\\node_modules\\telegraf\\lib\\composer.js:518:17)\n    at execute (C:\\Users\\dmitz\\Documents\\GitHub\\ReadLine\\node_modules\\telegraf\\lib\\composer.js:518:17)\n    at execute (C:\\Users\\dmitz\\Documents\\GitHub\\ReadLine\\node_modules\\telegraf\\lib\\composer.js:518:17)\n    at execute (C:\\Users\\dmitz\\Documents\\GitHub\\ReadLine\\node_modules\\telegraf\\lib\\composer.js:518:17)\n    at C:\\Users\\dmitz\\Documents\\GitHub\\ReadLine\\node_modules\\telegraf\\lib\\composer.js:519:21",
  "adminId": 547751718
}
2025-11-26 01:13:55 +02:00: ⚠️ [2025-11-25T23:13:55.011Z] [WARN] Admin action: start_add_podcast
{
  "adminId": 906087418
}
2025-11-26 01:15:37 +02:00: ⚠️ [2025-11-25T23:15:37.735Z] [WARN] Admin action: add_podcast
{
  "adminId": 906087418,
  "podcastId": 1
}
2025-11-26 01:19:41 +02:00: ❌ [2025-11-25T23:19:41.769Z] [ERROR] Failed to notify admin 547751718:
{
  "name": "Error",
  "message": "400: Bad Request: chat not found",
  "stack": "Error: 400: Bad Request: chat not found\n    at Telegram.callApi (C:\\Users\\dmitz\\Documents\\GitHub\\ReadLine\\node_modules\\telegraf\\lib\\core\\network\\client.js:315:19)\n    at processTicksAndRejections (node:internal/process/task_queues:105:5)\n    at C:\\Users\\dmitz\\Documents\\GitHub\\ReadLine\\src\\scenes\\bookOrderScene.ts:261:15\n    at execute (C:\\Users\\dmitz\\Documents\\GitHub\\ReadLine\\node_modules\\telegraf\\lib\\composer.js:518:17)\n    at C:\\Users\\dmitz\\Documents\\GitHub\\ReadLine\\node_modules\\telegraf\\lib\\composer.js:519:21\n    at execute (C:\\Users\\dmitz\\Documents\\GitHub\\ReadLine\\node_modules\\telegraf\\lib\\composer.js:518:17)\n    at C:\\Users\\dmitz\\Documents\\GitHub\\ReadLine\\node_modules\\telegraf\\lib\\composer.js:519:21\n    at execute (C:\\Users\\dmitz\\Documents\\GitHub\\ReadLine\\node_modules\\telegraf\\lib\\composer.js:518:17)\n    at execute (C:\\Users\\dmitz\\Documents\\GitHub\\ReadLine\\node_modules\\telegraf\\lib\\composer.js:518:17)\n    at C:\\Users\\dmitz\\Documents\\GitHub\\ReadLine\\node_modules\\telegraf\\lib\\composer.js:519:21"
}
Error: SQLITE_CONSTRAINT: FOREIGN KEY constraint failed
2025-11-26 01:27:13 +02:00: ❌ [2025-11-25T23:27:13.807Z] [ERROR] Uncaught Exception
{
  "name": "Error",
  "message": "SQLITE_CONSTRAINT: FOREIGN KEY constraint failed",
  "stack": "Error: SQLITE_CONSTRAINT: FOREIGN KEY constraint failed"
}
