2025-11-25 23:25:09 +02:00: ℹ️ [2025-11-25T21:25:09.760Z] [INFO] Environment validation passed
{
  "nodeEnv": "production"
}
2025-11-25 23:25:09 +02:00: ℹ️ [2025-11-25T21:25:09.762Z] [INFO] Environment variables validated successfully
2025-11-25 23:25:09 +02:00: ℹ️ [2025-11-25T21:25:09.762Z] [INFO] Bootstrapping service container...
2025-11-25 23:25:09 +02:00: ℹ️ [2025-11-25T21:25:09.762Z] [INFO] Service container bootstrapped successfully
2025-11-25 23:25:09 +02:00: ℹ️ [2025-11-25T21:25:09.791Z] [INFO] Registering handlers...
2025-11-25 23:25:09 +02:00: ℹ️ [2025-11-25T21:25:09.791Z] [INFO] Admin handlers registered
2025-11-25 23:25:09 +02:00: ℹ️ [2025-11-25T21:25:09.792Z] [INFO] Admin handlers registered
2025-11-25 23:25:09 +02:00: ℹ️ [2025-11-25T21:25:09.793Z] [INFO] Registering user handlers...
2025-11-25 23:25:09 +02:00: ℹ️ [2025-11-25T21:25:09.796Z] [INFO] ✅ All user handlers registered successfully
2025-11-25 23:25:09 +02:00: ℹ️ [2025-11-25T21:25:09.797Z] [INFO] User handlers registered
2025-11-25 23:25:09 +02:00: ℹ️ [2025-11-25T21:25:09.797Z] [INFO] Starting bot launch
2025-11-25 23:25:09 +02:00: ℹ️ [2025-11-25T21:25:09.797Z] [INFO] Initializing database...
2025-11-25 23:25:09 +02:00: ℹ️ [2025-11-25T21:25:09.834Z] [INFO] SQLite PRAGMA configured
{
  "foreign_keys": "ON",
  "busy_timeout": 3000,
  "journal_mode": "WAL"
}
2025-11-25 23:25:09 +02:00: ℹ️ [2025-11-25T21:25:09.839Z] [INFO] Database initialized successfully
{
  "booksCount": 17
}
2025-11-25 23:25:09 +02:00: ℹ️ [2025-11-25T21:25:09.840Z] [INFO] Database initialized successfully
2025-11-25 23:25:09 +02:00: ℹ️ [2025-11-25T21:25:09.840Z] [INFO] Running database migrations...
2025-11-25 23:25:09 +02:00: ℹ️ [2025-11-25T21:25:09.842Z] [INFO] Physical books system initialized successfully
2025-11-25 23:25:09 +02:00: ℹ️ [2025-11-25T21:25:09.843Z] [INFO] 🔄 Running database migrations...

2025-11-25 23:25:09 +02:00: ℹ️ [2025-11-25T21:25:09.845Z] [INFO] 📊 Status: 11/11 migrations completed

2025-11-25 23:25:09 +02:00: ℹ️ [2025-11-25T21:25:09.845Z] [INFO] ✅ Database is up to date - no pending migrations
2025-11-25 23:25:09 +02:00: ℹ️ [2025-11-25T21:25:09.845Z] [INFO] Database migrations completed
{
  "count": 0
}
2025-11-25 23:25:09 +02:00: ℹ️ [2025-11-25T21:25:09.845Z] [INFO] Launching bot...
2025-11-25 23:26:21 +02:00: ℹ️ [2025-11-25T21:26:21.693Z] [INFO] Environment validation passed
{
  "nodeEnv": "production"
}
2025-11-25 23:26:21 +02:00: ℹ️ [2025-11-25T21:26:21.695Z] [INFO] Environment variables validated successfully
2025-11-25 23:26:21 +02:00: ℹ️ [2025-11-25T21:26:21.695Z] [INFO] Bootstrapping service container...
2025-11-25 23:26:21 +02:00: ℹ️ [2025-11-25T21:26:21.696Z] [INFO] Service container bootstrapped successfully
2025-11-25 23:26:21 +02:00: ℹ️ [2025-11-25T21:26:21.720Z] [INFO] Registering handlers...
2025-11-25 23:26:21 +02:00: ℹ️ [2025-11-25T21:26:21.721Z] [INFO] Admin handlers registered
2025-11-25 23:26:21 +02:00: ℹ️ [2025-11-25T21:26:21.722Z] [INFO] Admin handlers registered
2025-11-25 23:26:21 +02:00: ℹ️ [2025-11-25T21:26:21.722Z] [INFO] Registering user handlers...
2025-11-25 23:26:21 +02:00: ℹ️ [2025-11-25T21:26:21.726Z] [INFO] ✅ All user handlers registered successfully
2025-11-25 23:26:21 +02:00: ℹ️ [2025-11-25T21:26:21.726Z] [INFO] User handlers registered
2025-11-25 23:26:21 +02:00: ℹ️ [2025-11-25T21:26:21.726Z] [INFO] Starting bot launch
2025-11-25 23:26:21 +02:00: ℹ️ [2025-11-25T21:26:21.727Z] [INFO] Initializing database...
2025-11-25 23:26:21 +02:00: ℹ️ [2025-11-25T21:26:21.762Z] [INFO] SQLite PRAGMA configured
{
  "foreign_keys": "ON",
  "busy_timeout": 3000,
  "journal_mode": "WAL"
}
2025-11-25 23:26:21 +02:00: ℹ️ [2025-11-25T21:26:21.767Z] [INFO] Database initialized successfully
{
  "booksCount": 17
}
2025-11-25 23:26:21 +02:00: ℹ️ [2025-11-25T21:26:21.768Z] [INFO] Database initialized successfully
2025-11-25 23:26:21 +02:00: ℹ️ [2025-11-25T21:26:21.768Z] [INFO] Running database migrations...
2025-11-25 23:26:21 +02:00: ℹ️ [2025-11-25T21:26:21.770Z] [INFO] Physical books system initialized successfully
2025-11-25 23:26:21 +02:00: ℹ️ [2025-11-25T21:26:21.771Z] [INFO] 🔄 Running database migrations...

2025-11-25 23:26:21 +02:00: ℹ️ [2025-11-25T21:26:21.772Z] [INFO] 📊 Status: 11/11 migrations completed

2025-11-25 23:26:21 +02:00: ℹ️ [2025-11-25T21:26:21.772Z] [INFO] ✅ Database is up to date - no pending migrations
2025-11-25 23:26:21 +02:00: ℹ️ [2025-11-25T21:26:21.772Z] [INFO] Database migrations completed
{
  "count": 0
}
2025-11-25 23:26:21 +02:00: ℹ️ [2025-11-25T21:26:21.772Z] [INFO] Launching bot...
2025-11-25 23:27:05 +02:00: ℹ️ [2025-11-25T21:27:05.549Z] [INFO] Environment validation passed
{
  "nodeEnv": "production"
}
2025-11-25 23:27:05 +02:00: ℹ️ [2025-11-25T21:27:05.551Z] [INFO] Environment variables validated successfully
2025-11-25 23:27:05 +02:00: ℹ️ [2025-11-25T21:27:05.552Z] [INFO] Bootstrapping service container...
2025-11-25 23:27:05 +02:00: ℹ️ [2025-11-25T21:27:05.552Z] [INFO] Service container bootstrapped successfully
2025-11-25 23:27:05 +02:00: ℹ️ [2025-11-25T21:27:05.580Z] [INFO] Registering handlers...
2025-11-25 23:27:05 +02:00: ℹ️ [2025-11-25T21:27:05.581Z] [INFO] Admin handlers registered
2025-11-25 23:27:05 +02:00: ℹ️ [2025-11-25T21:27:05.582Z] [INFO] Admin handlers registered
2025-11-25 23:27:05 +02:00: ℹ️ [2025-11-25T21:27:05.582Z] [INFO] Registering user handlers...
2025-11-25 23:27:05 +02:00: ℹ️ [2025-11-25T21:27:05.585Z] [INFO] ✅ All user handlers registered successfully
2025-11-25 23:27:05 +02:00: ℹ️ [2025-11-25T21:27:05.585Z] [INFO] User handlers registered
2025-11-25 23:27:05 +02:00: ℹ️ [2025-11-25T21:27:05.586Z] [INFO] Starting bot launch
2025-11-25 23:27:05 +02:00: ℹ️ [2025-11-25T21:27:05.586Z] [INFO] Initializing database...
2025-11-25 23:27:05 +02:00: ℹ️ [2025-11-25T21:27:05.622Z] [INFO] SQLite PRAGMA configured
{
  "foreign_keys": "ON",
  "busy_timeout": 3000,
  "journal_mode": "WAL"
}
2025-11-25 23:27:05 +02:00: ℹ️ [2025-11-25T21:27:05.629Z] [INFO] Database initialized successfully
{
  "booksCount": 17
}
2025-11-25 23:27:05 +02:00: ℹ️ [2025-11-25T21:27:05.629Z] [INFO] Database initialized successfully
2025-11-25 23:27:05 +02:00: ℹ️ [2025-11-25T21:27:05.629Z] [INFO] Running database migrations...
2025-11-25 23:27:05 +02:00: ℹ️ [2025-11-25T21:27:05.632Z] [INFO] Physical books system initialized successfully
2025-11-25 23:27:05 +02:00: ℹ️ [2025-11-25T21:27:05.632Z] [INFO] 🔄 Running database migrations...

2025-11-25 23:27:05 +02:00: ℹ️ [2025-11-25T21:27:05.634Z] [INFO] 📊 Status: 11/11 migrations completed

2025-11-25 23:27:05 +02:00: ℹ️ [2025-11-25T21:27:05.634Z] [INFO] ✅ Database is up to date - no pending migrations
2025-11-25 23:27:05 +02:00: ℹ️ [2025-11-25T21:27:05.634Z] [INFO] Database migrations completed
{
  "count": 0
}
2025-11-25 23:27:05 +02:00: ℹ️ [2025-11-25T21:27:05.634Z] [INFO] Launching bot...
2025-11-25 23:28:06 +02:00: ℹ️ [2025-11-25T21:28:06.583Z] [INFO] Environment validation passed
{
  "nodeEnv": "production"
}
2025-11-25 23:28:06 +02:00: ℹ️ [2025-11-25T21:28:06.586Z] [INFO] Environment variables validated successfully
2025-11-25 23:28:06 +02:00: ℹ️ [2025-11-25T21:28:06.586Z] [INFO] Bootstrapping service container...
2025-11-25 23:28:06 +02:00: ℹ️ [2025-11-25T21:28:06.587Z] [INFO] Service container bootstrapped successfully
2025-11-25 23:28:06 +02:00: ℹ️ [2025-11-25T21:28:06.617Z] [INFO] Registering handlers...
2025-11-25 23:28:06 +02:00: ℹ️ [2025-11-25T21:28:06.617Z] [INFO] Admin handlers registered
2025-11-25 23:28:06 +02:00: ℹ️ [2025-11-25T21:28:06.619Z] [INFO] Admin handlers registered
2025-11-25 23:28:06 +02:00: ℹ️ [2025-11-25T21:28:06.619Z] [INFO] Registering user handlers...
2025-11-25 23:28:06 +02:00: ℹ️ [2025-11-25T21:28:06.622Z] [INFO] ✅ All user handlers registered successfully
2025-11-25 23:28:06 +02:00: ℹ️ [2025-11-25T21:28:06.622Z] [INFO] User handlers registered
2025-11-25 23:28:06 +02:00: ℹ️ [2025-11-25T21:28:06.622Z] [INFO] Starting bot launch
2025-11-25 23:28:06 +02:00: ℹ️ [2025-11-25T21:28:06.623Z] [INFO] Initializing database...
2025-11-25 23:28:06 +02:00: ℹ️ [2025-11-25T21:28:06.658Z] [INFO] SQLite PRAGMA configured
{
  "foreign_keys": "ON",
  "busy_timeout": 3000,
  "journal_mode": "WAL"
}
2025-11-25 23:28:06 +02:00: ℹ️ [2025-11-25T21:28:06.664Z] [INFO] Database initialized successfully
{
  "booksCount": 17
}
2025-11-25 23:28:06 +02:00: ℹ️ [2025-11-25T21:28:06.664Z] [INFO] Database initialized successfully
2025-11-25 23:28:06 +02:00: ℹ️ [2025-11-25T21:28:06.665Z] [INFO] Running database migrations...
2025-11-25 23:28:06 +02:00: ℹ️ [2025-11-25T21:28:06.667Z] [INFO] Physical books system initialized successfully
2025-11-25 23:28:06 +02:00: ℹ️ [2025-11-25T21:28:06.667Z] [INFO] 🔄 Running database migrations...

2025-11-25 23:28:06 +02:00: ℹ️ [2025-11-25T21:28:06.668Z] [INFO] 📊 Status: 11/11 migrations completed

2025-11-25 23:28:06 +02:00: ℹ️ [2025-11-25T21:28:06.669Z] [INFO] ✅ Database is up to date - no pending migrations
2025-11-25 23:28:06 +02:00: ℹ️ [2025-11-25T21:28:06.669Z] [INFO] Database migrations completed
{
  "count": 0
}
2025-11-25 23:28:06 +02:00: ℹ️ [2025-11-25T21:28:06.669Z] [INFO] Launching bot...
2025-11-25 23:28:31 +02:00: ℹ️ [2025-11-25T21:28:31.388Z] [INFO] Processing update
{
  "updateId": 707329808
}
2025-11-25 23:28:31 +02:00: ℹ️ [2025-11-25T21:28:31.408Z] [INFO] New user detected, starting onboarding
{
  "userId": 906087418,
  "username": "Dmitry_Shiva"
}
2025-11-25 23:28:33 +02:00: ℹ️ [2025-11-25T21:28:33.137Z] [INFO] Processing update
{
  "updateId": 707329809
}
2025-11-25 23:28:33 +02:00: ℹ️ [2025-11-25T21:28:33.217Z] [INFO] User finished onboarding
{
  "userId": 906087418
}
2025-11-25 23:28:35 +02:00: ℹ️ [2025-11-25T21:28:35.322Z] [INFO] Processing update
{
  "updateId": 707329810
}
2025-11-25 23:28:35 +02:00: ℹ️ [2025-11-25T21:28:35.478Z] [INFO] User action: view_catalog_main
{
  "userId": 906087418
}
2025-11-25 23:28:36 +02:00: ℹ️ [2025-11-25T21:28:36.752Z] [INFO] Processing update
{
  "updateId": 707329811
}
2025-11-25 23:28:37 +02:00: ℹ️ [2025-11-25T21:28:37.040Z] [INFO] User action: view_podcasts_catalog
{
  "userId": 906087418
}
2025-11-25 23:28:40 +02:00: ℹ️ [2025-11-25T21:28:40.834Z] [INFO] Processing update
{
  "updateId": 707329812
}
2025-11-25 23:28:43 +02:00: ℹ️ [2025-11-25T21:28:43.614Z] [INFO] Processing update
{
  "updateId": 707329813
}
2025-11-25 23:28:43 +02:00: ℹ️ [2025-11-25T21:28:43.829Z] [INFO] User action: view_catalog_books
{
  "userId": 906087418
}
2025-11-25 23:28:45 +02:00: ℹ️ [2025-11-25T21:28:45.468Z] [INFO] Processing update
{
  "updateId": 707329814
}
2025-11-25 23:28:45 +02:00: ℹ️ [2025-11-25T21:28:45.697Z] [INFO] User action: view_catalog_new
{
  "userId": 906087418
}
2025-11-25 23:28:46 +02:00: ℹ️ [2025-11-25T21:28:46.627Z] [INFO] Processing update
{
  "updateId": 707329815
}
2025-11-25 23:28:46 +02:00: ℹ️ [2025-11-25T21:28:46.721Z] [INFO] Book detailed stats retrieved
{
  "bookId": 17
}
2025-11-25 23:28:46 +02:00: ℹ️ [2025-11-25T21:28:46.827Z] [INFO] User action: view_book
{
  "userId": 906087418,
  "bookId": 17
}
2025-11-25 23:28:48 +02:00: ℹ️ [2025-11-25T21:28:48.289Z] [INFO] Processing update
{
  "updateId": 707329816
}
2025-11-25 23:28:48 +02:00: ℹ️ [2025-11-25T21:28:48.541Z] [INFO] User action: start_order_book
{
  "userId": 906087418,
  "bookId": 17
}
2025-11-25 23:28:51 +02:00: ℹ️ [2025-11-25T21:28:51.027Z] [INFO] Processing update
{
  "updateId": 707329817
}
2025-11-25 23:28:58 +02:00: ℹ️ [2025-11-25T21:28:58.241Z] [INFO] Processing update
{
  "updateId": 707329818
}
2025-11-25 23:28:58 +02:00: ℹ️ [2025-11-25T21:28:58.397Z] [INFO] User action: view_help
{
  "userId": 906087418
}
2025-11-25 23:29:00 +02:00: ℹ️ [2025-11-25T21:29:00.176Z] [INFO] Processing update
{
  "updateId": 707329819
}
2025-11-25 23:29:00 +02:00: ℹ️ [2025-11-25T21:29:00.177Z] [INFO] /admin command received
{
  "userId": 906087418
}
2025-11-25 23:29:01 +02:00: ℹ️ [2025-11-25T21:29:01.630Z] [INFO] Processing update
{
  "updateId": 707329820
}
2025-11-25 23:29:03 +02:00: ℹ️ [2025-11-25T21:29:03.506Z] [INFO] Processing update
{
  "updateId": 707329821
}
2025-11-25 23:29:03 +02:00: ℹ️ [2025-11-25T21:29:03.605Z] [INFO] Bot restart initiated by admin
{
  "userId": 906087418
}
2025-11-25 23:29:05 +02:00: ℹ️ [2025-11-25T21:29:05.714Z] [INFO] Executing bot restart...
2025-11-25 23:29:06 +02:00: ℹ️ [2025-11-25T21:29:06.100Z] [INFO] Environment validation passed
{
  "nodeEnv": "production"
}
2025-11-25 23:29:06 +02:00: ℹ️ [2025-11-25T21:29:06.102Z] [INFO] Environment variables validated successfully
2025-11-25 23:29:06 +02:00: ℹ️ [2025-11-25T21:29:06.102Z] [INFO] Bootstrapping service container...
2025-11-25 23:29:06 +02:00: ℹ️ [2025-11-25T21:29:06.102Z] [INFO] Service container bootstrapped successfully
2025-11-25 23:29:06 +02:00: ℹ️ [2025-11-25T21:29:06.127Z] [INFO] Registering handlers...
2025-11-25 23:29:06 +02:00: ℹ️ [2025-11-25T21:29:06.128Z] [INFO] Admin handlers registered
2025-11-25 23:29:06 +02:00: ℹ️ [2025-11-25T21:29:06.129Z] [INFO] Admin handlers registered
2025-11-25 23:29:06 +02:00: ℹ️ [2025-11-25T21:29:06.129Z] [INFO] Registering user handlers...
2025-11-25 23:29:06 +02:00: ℹ️ [2025-11-25T21:29:06.131Z] [INFO] ✅ All user handlers registered successfully
2025-11-25 23:29:06 +02:00: ℹ️ [2025-11-25T21:29:06.132Z] [INFO] User handlers registered
2025-11-25 23:29:06 +02:00: ℹ️ [2025-11-25T21:29:06.132Z] [INFO] Starting bot launch
2025-11-25 23:29:06 +02:00: ℹ️ [2025-11-25T21:29:06.132Z] [INFO] Initializing database...
2025-11-25 23:29:06 +02:00: ℹ️ [2025-11-25T21:29:06.169Z] [INFO] SQLite PRAGMA configured
{
  "foreign_keys": "ON",
  "busy_timeout": 3000,
  "journal_mode": "WAL"
}
2025-11-25 23:29:06 +02:00: ℹ️ [2025-11-25T21:29:06.176Z] [INFO] Database initialized successfully
{
  "booksCount": 17
}
2025-11-25 23:29:06 +02:00: ℹ️ [2025-11-25T21:29:06.176Z] [INFO] Database initialized successfully
2025-11-25 23:29:06 +02:00: ℹ️ [2025-11-25T21:29:06.176Z] [INFO] Running database migrations...
2025-11-25 23:29:06 +02:00: ℹ️ [2025-11-25T21:29:06.179Z] [INFO] Physical books system initialized successfully
2025-11-25 23:29:06 +02:00: ℹ️ [2025-11-25T21:29:06.180Z] [INFO] 🔄 Running database migrations...

2025-11-25 23:29:06 +02:00: ℹ️ [2025-11-25T21:29:06.181Z] [INFO] 📊 Status: 11/11 migrations completed

2025-11-25 23:29:06 +02:00: ℹ️ [2025-11-25T21:29:06.181Z] [INFO] ✅ Database is up to date - no pending migrations
2025-11-25 23:29:06 +02:00: ℹ️ [2025-11-25T21:29:06.181Z] [INFO] Database migrations completed
{
  "count": 0
}
2025-11-25 23:29:06 +02:00: ℹ️ [2025-11-25T21:29:06.181Z] [INFO] Launching bot...
2025-11-25 23:29:15 +02:00: ℹ️ [2025-11-25T21:29:15.118Z] [INFO] Processing update
{
  "updateId": 707329822
}
2025-11-25 23:29:15 +02:00: ℹ️ [2025-11-25T21:29:15.220Z] [INFO] User action: view_help
{
  "userId": 906087418
}
2025-11-25 23:29:57 +02:00: ℹ️ [2025-11-25T21:29:57.339Z] [INFO] Processing update
{
  "updateId": 707329823
}
2025-11-25 23:29:57 +02:00: ℹ️ [2025-11-25T21:29:57.341Z] [INFO] /admin command received
{
  "userId": 906087418
}
2025-11-25 23:30:11 +02:00: ℹ️ [2025-11-25T21:30:11.696Z] [INFO] Processing update
{
  "updateId": 707329824
}
2025-11-25 23:31:03 +02:00: ℹ️ [2025-11-25T21:31:03.320Z] [INFO] Processing update
{
  "updateId": 707329825
}
2025-11-25 23:31:28 +02:00: ℹ️ [2025-11-25T21:31:28.062Z] [INFO] Processing update
{
  "updateId": 707329826
}
2025-11-25 23:31:30 +02:00: ℹ️ [2025-11-25T21:31:30.002Z] [INFO] Processing update
{
  "updateId": 707329827
}
2025-11-25 23:31:40 +02:00: ℹ️ [2025-11-25T21:31:40.709Z] [INFO] Processing update
{
  "updateId": 707329828
}
2025-11-25 23:31:42 +02:00: ℹ️ [2025-11-25T21:31:42.369Z] [INFO] Processing update
{
  "updateId": 707329829
}
2025-11-25 23:31:42 +02:00: ℹ️ [2025-11-25T21:31:42.723Z] [INFO] Podcast added
{
  "id": 3,
  "theme": "Роль танків у війні майбутнього"
}
2025-11-25 23:31:44 +02:00: ℹ️ [2025-11-25T21:31:44.914Z] [INFO] Processing update
{
  "updateId": 707329830
}
2025-11-25 23:31:51 +02:00: ℹ️ [2025-11-25T21:31:51.436Z] [INFO] Processing update
{
  "updateId": 707329831
}
2025-11-25 23:31:51 +02:00: ℹ️ [2025-11-25T21:31:51.515Z] [INFO] User action: start_add_book
{
  "userId": 906087418
}
2025-11-25 23:32:14 +02:00: ℹ️ [2025-11-25T21:32:14.602Z] [INFO] Processing update
{
  "updateId": 707329832
}
2025-11-25 23:32:14 +02:00: ℹ️ [2025-11-25T21:32:14.604Z] [INFO] User action: entered_title
{
  "userId": 906087418,
  "title": "Козачка"
}
2025-11-25 23:32:22 +02:00: ℹ️ [2025-11-25T21:32:22.829Z] [INFO] Processing update
{
  "updateId": 707329833
}
2025-11-25 23:32:22 +02:00: ℹ️ [2025-11-25T21:32:22.830Z] [INFO] User action: entered_author
{
  "userId": 906087418,
  "author": "Марко Вовчок"
}
2025-11-25 23:32:24 +02:00: ℹ️ [2025-11-25T21:32:24.403Z] [INFO] Processing update
{
  "updateId": 707329834
}
2025-11-25 23:32:26 +02:00: ℹ️ [2025-11-25T21:32:26.494Z] [INFO] Processing update
{
  "updateId": 707329835
}
2025-11-25 23:32:28 +02:00: ℹ️ [2025-11-25T21:32:28.473Z] [INFO] Processing update
{
  "updateId": 707329836
}
2025-11-25 23:32:29 +02:00: ℹ️ [2025-11-25T21:32:29.833Z] [INFO] Processing update
{
  "updateId": 707329837
}
2025-11-25 23:32:35 +02:00: ℹ️ [2025-11-25T21:32:35.811Z] [INFO] Processing update
{
  "updateId": 707329838
}
2025-11-25 23:32:37 +02:00: ℹ️ [2025-11-25T21:32:37.449Z] [INFO] Processing update
{
  "updateId": 707329839
}
2025-11-25 23:32:37 +02:00: ℹ️ [2025-11-25T21:32:37.621Z] [INFO] User action: selected_genres
{
  "userId": 906087418,
  "genres": [
    "Драма",
    "Художня література",
    "Історія",
    "Класика"
  ]
}
2025-11-25 23:32:56 +02:00: ℹ️ [2025-11-25T21:32:56.387Z] [INFO] Processing update
{
  "updateId": 707329840
}
2025-11-25 23:33:07 +02:00: ℹ️ [2025-11-25T21:33:07.829Z] [INFO] Processing update
{
  "updateId": 707329841
}
2025-11-25 23:33:07 +02:00: ℹ️ [2025-11-25T21:33:07.830Z] [INFO] User action: entered_description
{
  "userId": 906087418,
  "descriptionLength": 553
}
2025-11-25 23:33:13 +02:00: ℹ️ [2025-11-25T21:33:13.256Z] [INFO] Processing update
{
  "updateId": 707329842
}
2025-11-25 23:33:13 +02:00: ℹ️ [2025-11-25T21:33:13.354Z] [INFO] User action: uploaded_photo
{
  "userId": 906087418
}
2025-11-25 23:33:20 +02:00: ℹ️ [2025-11-25T21:33:20.086Z] [INFO] Processing update
{
  "updateId": 707329843
}
2025-11-25 23:33:20 +02:00: ℹ️ [2025-11-25T21:33:20.208Z] [INFO] User action: entered_isbn
{
  "userId": 906087418,
  "isbn": "645775-75"
}
2025-11-25 23:33:22 +02:00: ℹ️ [2025-11-25T21:33:22.491Z] [INFO] Processing update
{
  "updateId": 707329844
}
2025-11-25 23:33:22 +02:00: ℹ️ [2025-11-25T21:33:22.670Z] [INFO] User action: selected_language
{
  "userId": 906087418,
  "language": "Українська"
}
2025-11-25 23:33:24 +02:00: ℹ️ [2025-11-25T21:33:24.882Z] [INFO] Processing update
{
  "updateId": 707329845
}
2025-11-25 23:33:25 +02:00: ℹ️ [2025-11-25T21:33:25.052Z] [INFO] User action: physical_available_yes
{
  "userId": 906087418
}
2025-11-25 23:33:27 +02:00: ℹ️ [2025-11-25T21:33:27.894Z] [INFO] Processing update
{
  "updateId": 707329846
}
2025-11-25 23:33:32 +02:00: ℹ️ [2025-11-25T21:33:32.608Z] [INFO] Processing update
{
  "updateId": 707329847
}
2025-11-25 23:33:32 +02:00: ℹ️ [2025-11-25T21:33:32.700Z] [INFO] User action: uploaded_file
{
  "userId": 906087418,
  "fileName": "Vovchok_Kozachka_4f8a45_283204.fb2.zip"
}
2025-11-25 23:33:34 +02:00: ℹ️ [2025-11-25T21:33:34.701Z] [INFO] Processing update
{
  "updateId": 707329848
}
2025-11-25 23:33:43 +02:00: ℹ️ [2025-11-25T21:33:43.395Z] [INFO] Processing update
{
  "updateId": 707329849
}
2025-11-25 23:33:43 +02:00: ℹ️ [2025-11-25T21:33:43.519Z] [INFO] User action: uploaded_audio
{
  "userId": 906087418,
  "fileName": "1 (1).mp3"
}
2025-11-25 23:33:45 +02:00: ℹ️ [2025-11-25T21:33:45.454Z] [INFO] Processing update
{
  "updateId": 707329850
}
2025-11-25 23:33:58 +02:00: ℹ️ [2025-11-25T21:33:58.493Z] [INFO] Processing update
{
  "updateId": 707329851
}
2025-11-25 23:33:58 +02:00: ℹ️ [2025-11-25T21:33:58.604Z] [INFO] User action: added_link
{
  "userId": 906087418,
  "link": "https://uk.wikipedia.org/wiki/%D0%9A%D0%BE%D0%B7%D0%B0%D1%87%D0%BA%D0%B0_(%D0%BE%D0%BF%D0%BE%D0%B2%D1%96%D0%B4%D0%B0%D0%BD%D0%BD%D1%8F)"
}
2025-11-25 23:34:00 +02:00: ℹ️ [2025-11-25T21:34:00.802Z] [INFO] Processing update
{
  "updateId": 707329852
}
2025-11-25 23:34:02 +02:00: ℹ️ [2025-11-25T21:34:02.799Z] [INFO] Processing update
{
  "updateId": 707329853
}
2025-11-25 23:34:09 +02:00: ℹ️ [2025-11-25T21:34:09.740Z] [INFO] Processing update
{
  "updateId": 707329854
}
2025-11-25 23:34:12 +02:00: ℹ️ [2025-11-25T21:34:12.254Z] [INFO] Processing update
{
  "updateId": 707329855
}
2025-11-25 23:34:14 +02:00: ℹ️ [2025-11-25T21:34:14.684Z] [INFO] Processing update
{
  "updateId": 707329856
}
2025-11-25 23:34:18 +02:00: ℹ️ [2025-11-25T21:34:18.014Z] [INFO] Processing update
{
  "updateId": 707329857
}
2025-11-25 23:34:20 +02:00: ℹ️ [2025-11-25T21:34:20.210Z] [INFO] Processing update
{
  "updateId": 707329858
}
2025-11-25 23:34:20 +02:00: ℹ️ [2025-11-25T21:34:20.310Z] [INFO] Book added successfully
{
  "id": 18,
  "title": "Козачка"
}
2025-11-25 23:34:20 +02:00: ℹ️ [2025-11-25T21:34:20.326Z] [INFO] Book detailed stats retrieved
{
  "bookId": 18
}
2025-11-25 23:34:20 +02:00: ℹ️ [2025-11-25T21:34:20.439Z] [INFO] User action: book_published
{
  "userId": 906087418,
  "title": "Козачка",
  "formats": {
    "hasFile": true,
    "hasAudio": true,
    "hasLink": true
  },
  "tagsCount": 4
}
2025-11-25 23:34:39 +02:00: ℹ️ [2025-11-25T21:34:39.174Z] [INFO] Processing update
{
  "updateId": 707329859
}
2025-11-25 23:34:39 +02:00: ℹ️ [2025-11-25T21:34:39.286Z] [INFO] User action: view_catalog_main
{
  "userId": 906087418
}
2025-11-25 23:34:40 +02:00: ℹ️ [2025-11-25T21:34:40.609Z] [INFO] Processing update
{
  "updateId": 707329860
}
2025-11-25 23:34:40 +02:00: ℹ️ [2025-11-25T21:34:40.807Z] [INFO] User action: view_podcasts_catalog
{
  "userId": 906087418
}
2025-11-25 23:34:42 +02:00: ℹ️ [2025-11-25T21:34:42.360Z] [INFO] Processing update
{
  "updateId": 707329861
}
2025-11-25 23:34:42 +02:00: ℹ️ [2025-11-25T21:34:42.545Z] [INFO] User action: view_podcast
{
  "userId": 906087418,
  "podcastId": 3,
  "theme": "Роль танків у війні майбутнього"
}
2025-11-25 23:34:51 +02:00: ℹ️ [2025-11-25T21:34:51.798Z] [INFO] Processing update
{
  "updateId": 707329862
}
2025-11-25 23:34:51 +02:00: ℹ️ [2025-11-25T21:34:51.902Z] [INFO] Podcast listen incremented
{
  "podcastId": 3,
  "userId": 906087418
}
2025-11-25 23:34:52 +02:00: ℹ️ [2025-11-25T21:34:52.053Z] [INFO] User action: listen_podcast
{
  "userId": 906087418,
  "podcastId": 3,
  "theme": "Роль танків у війні майбутнього"
}
2025-11-25 23:35:03 +02:00: ℹ️ [2025-11-25T21:35:03.091Z] [INFO] Processing update
{
  "updateId": 707329863
}
2025-11-25 23:35:15 +02:00: ℹ️ [2025-11-25T21:35:15.182Z] [INFO] Processing update
{
  "updateId": 707329864
}
2025-11-25 23:35:20 +02:00: ℹ️ [2025-11-25T21:35:20.184Z] [INFO] Processing update
{
  "updateId": 707329865
}
2025-11-25 23:35:20 +02:00: ℹ️ [2025-11-25T21:35:20.311Z] [INFO] User action: view_catalog_main
{
  "userId": 906087418
}
2025-11-25 23:35:21 +02:00: ℹ️ [2025-11-25T21:35:21.533Z] [INFO] Processing update
{
  "updateId": 707329866
}
2025-11-25 23:35:21 +02:00: ℹ️ [2025-11-25T21:35:21.837Z] [INFO] User action: view_catalog_books
{
  "userId": 906087418
}
2025-11-25 23:35:23 +02:00: ℹ️ [2025-11-25T21:35:23.643Z] [INFO] Processing update
{
  "updateId": 707329867
}
2025-11-25 23:35:23 +02:00: ℹ️ [2025-11-25T21:35:23.991Z] [INFO] User action: view_catalog_new
{
  "userId": 906087418
}
2025-11-25 23:35:25 +02:00: ℹ️ [2025-11-25T21:35:25.248Z] [INFO] Processing update
{
  "updateId": 707329868
}
2025-11-25 23:35:25 +02:00: ℹ️ [2025-11-25T21:35:25.386Z] [INFO] Book detailed stats retrieved
{
  "bookId": 18
}
2025-11-25 23:35:25 +02:00: ℹ️ [2025-11-25T21:35:25.529Z] [INFO] User action: view_book
{
  "userId": 906087418,
  "bookId": 18
}
2025-11-25 23:35:41 +02:00: ℹ️ [2025-11-25T21:35:41.748Z] [INFO] Processing update
{
  "updateId": 707329869
}
2025-11-25 23:35:41 +02:00: ℹ️ [2025-11-25T21:35:41.749Z] [INFO] PDF download requested
{
  "userId": 906087418,
  "bookId": 18
}
2025-11-25 23:35:41 +02:00: ℹ️ [2025-11-25T21:35:41.838Z] [INFO] Book file availability
{
  "bookId": 18,
  "title": "Козачка",
  "hasPdfFileId": true,
  "hasFileUrl": false,
  "pdfFileId": "present",
  "fileUrl": "missing"
}
2025-11-25 23:35:41 +02:00: ℹ️ [2025-11-25T21:35:41.840Z] [INFO] Downloads incremented
{
  "bookId": 18
}
2025-11-25 23:35:41 +02:00: ℹ️ [2025-11-25T21:35:41.841Z] [INFO] PDF download attempt
{
  "bookId": 18,
  "hasTelegramFileId": true,
  "fileIdStart": "BQACAgIAAx",
  "isValidTelegramId": true
}
2025-11-25 23:35:41 +02:00: ℹ️ [2025-11-25T21:35:41.841Z] [INFO] Sending PDF via Telegram file_id
{
  "bookId": 18,
  "fileIdLength": 71
}
2025-11-25 23:35:41 +02:00: ℹ️ [2025-11-25T21:35:41.979Z] [INFO] PDF sent successfully
{
  "bookId": 18,
  "userId": 906087418
}
2025-11-25 23:35:41 +02:00: ℹ️ [2025-11-25T21:35:41.979Z] [INFO] User action: download_pdf
{
  "userId": 906087418,
  "bookId": 18
}
2025-11-25 23:35:44 +02:00: ℹ️ [2025-11-25T21:35:44.724Z] [INFO] Processing update
{
  "updateId": 707329870
}
2025-11-25 23:35:44 +02:00: ℹ️ [2025-11-25T21:35:44.824Z] [INFO] Downloads incremented
{
  "bookId": 18
}
2025-11-25 23:35:44 +02:00: ℹ️ [2025-11-25T21:35:44.939Z] [INFO] User action: download_audio
{
  "userId": 906087418,
  "bookId": 18
}
2025-11-25 23:35:55 +02:00: ℹ️ [2025-11-25T21:35:55.838Z] [INFO] Processing update
{
  "updateId": 707329871
}
2025-11-25 23:35:55 +02:00: ℹ️ [2025-11-25T21:35:55.857Z] [INFO] Book saved
{
  "userId": 906087418,
  "bookId": 18
}
2025-11-25 23:35:55 +02:00: ℹ️ [2025-11-25T21:35:55.859Z] [INFO] Added genre to user favorites
{
  "userId": 906087418,
  "genre": "Драма\nХудожня література\nІсторія\nКласика"
}
2025-11-25 23:35:57 +02:00: ℹ️ [2025-11-25T21:35:57.742Z] [INFO] Processing update
{
  "updateId": 707329872
}
2025-11-25 23:35:57 +02:00: ℹ️ [2025-11-25T21:35:57.923Z] [INFO] User action: start_rate_book
{
  "userId": 906087418,
  "bookId": 18
}
2025-11-25 23:35:59 +02:00: ℹ️ [2025-11-25T21:35:59.819Z] [INFO] Processing update
{
  "updateId": 707329873
}
2025-11-25 23:36:07 +02:00: ℹ️ [2025-11-25T21:36:07.273Z] [INFO] Processing update
{
  "updateId": 707329874
}
2025-11-25 23:36:07 +02:00: ℹ️ [2025-11-25T21:36:07.290Z] [INFO] Review added successfully
{
  "id": 1,
  "book_id": 18,
  "user_id": 906087418
}
2025-11-25 23:36:15 +02:00: ℹ️ [2025-11-25T21:36:15.673Z] [INFO] Processing update
{
  "updateId": 707329875
}
2025-11-25 23:36:15 +02:00: ℹ️ [2025-11-25T21:36:15.904Z] [INFO] User action: start_order_book
{
  "userId": 906087418,
  "bookId": 18
}
2025-11-25 23:36:27 +02:00: ℹ️ [2025-11-25T21:36:27.863Z] [INFO] Processing update
{
  "updateId": 707329876
}
2025-11-25 23:36:36 +02:00: ℹ️ [2025-11-25T21:36:36.422Z] [INFO] Processing update
{
  "updateId": 707329877
}
2025-11-25 23:37:07 +02:00: ℹ️ [2025-11-25T21:37:07.728Z] [INFO] Processing update
{
  "updateId": 707329878
}
2025-11-25 23:37:17 +02:00: ℹ️ [2025-11-25T21:37:17.159Z] [INFO] Processing update
{
  "updateId": 707329879
}
2025-11-25 23:37:23 +02:00: ℹ️ [2025-11-25T21:37:23.228Z] [INFO] Processing update
{
  "updateId": 707329880
}
2025-11-25 23:37:23 +02:00: ℹ️ [2025-11-25T21:37:23.404Z] [INFO] Book order created
{
  "orderId": 1,
  "userId": 906087418
}
2025-11-25 23:37:23 +02:00: ℹ️ [2025-11-25T21:37:23.404Z] [INFO] Book order created: 1 by user 906087418 for book 18
2025-11-25 23:37:28 +02:00: ℹ️ [2025-11-25T21:37:28.007Z] [INFO] Processing update
{
  "updateId": 707329881
}
2025-11-25 23:37:31 +02:00: ℹ️ [2025-11-25T21:37:31.307Z] [INFO] Processing update
{
  "updateId": 707329882
}
2025-11-25 23:37:34 +02:00: ℹ️ [2025-11-25T21:37:34.460Z] [INFO] Processing update
{
  "updateId": 707329883
}
2025-11-25 23:37:42 +02:00: ℹ️ [2025-11-25T21:37:42.997Z] [INFO] Processing update
{
  "updateId": 707329884
}
2025-11-25 23:37:46 +02:00: ℹ️ [2025-11-25T21:37:46.116Z] [INFO] Processing update
{
  "updateId": 707329885
}
2025-11-25 23:37:46 +02:00: ℹ️ [2025-11-25T21:37:46.133Z] [INFO] Review approved
{
  "reviewId": 1,
  "changes": 1
}
2025-11-25 23:37:50 +02:00: ℹ️ [2025-11-25T21:37:50.446Z] [INFO] Processing update
{
  "updateId": 707329886
}
2025-11-25 23:38:03 +02:00: ℹ️ [2025-11-25T21:38:03.718Z] [INFO] Processing update
{
  "updateId": 707329887
}
2025-11-25 23:38:08 +02:00: ℹ️ [2025-11-25T21:38:08.016Z] [INFO] Processing update
{
  "updateId": 707329888
}
2025-11-25 23:38:10 +02:00: ℹ️ [2025-11-25T21:38:10.413Z] [INFO] Processing update
{
  "updateId": 707329889
}
2025-11-25 23:38:12 +02:00: ℹ️ [2025-11-25T21:38:12.298Z] [INFO] Processing update
{
  "updateId": 707329890
}
2025-11-25 23:38:24 +02:00: ℹ️ [2025-11-25T21:38:24.783Z] [INFO] Processing update
{
  "updateId": 707329891
}
2025-11-25 23:38:32 +02:00: ℹ️ [2025-11-25T21:38:32.419Z] [INFO] Processing update
{
  "updateId": 707329892
}
2025-11-25 23:38:36 +02:00: ℹ️ [2025-11-25T21:38:36.083Z] [INFO] Processing update
{
  "updateId": 707329893
}
2025-11-25 23:38:37 +02:00: ℹ️ [2025-11-25T21:38:37.249Z] [INFO] Processing update
{
  "updateId": 707329894
}
2025-11-25 23:38:42 +02:00: ℹ️ [2025-11-25T21:38:42.023Z] [INFO] Processing update
{
  "updateId": 707329895
}
2025-11-25 23:38:43 +02:00: ℹ️ [2025-11-25T21:38:43.662Z] [INFO] Processing update
{
  "updateId": 707329896
}
2025-11-25 23:38:47 +02:00: ℹ️ [2025-11-25T21:38:47.302Z] [INFO] Processing update
{
  "updateId": 707329897
}
2025-11-25 23:38:48 +02:00: ℹ️ [2025-11-25T21:38:48.978Z] [INFO] Processing update
{
  "updateId": 707329898
}
2025-11-25 23:38:55 +02:00: ℹ️ [2025-11-25T21:38:55.275Z] [INFO] Processing update
{
  "updateId": 707329899
}
2025-11-25 23:38:57 +02:00: ℹ️ [2025-11-25T21:38:57.297Z] [INFO] Processing update
{
  "updateId": 707329900
}
2025-11-25 23:39:05 +02:00: ℹ️ [2025-11-25T21:39:05.904Z] [INFO] Processing update
{
  "updateId": 707329901
}
2025-11-25 23:39:07 +02:00: ℹ️ [2025-11-25T21:39:07.513Z] [INFO] Processing update
{
  "updateId": 707329902
}
2025-11-25 23:39:13 +02:00: ℹ️ [2025-11-25T21:39:13.041Z] [INFO] Processing update
{
  "updateId": 707329903
}
2025-11-25 23:39:17 +02:00: ℹ️ [2025-11-25T21:39:17.290Z] [INFO] Processing update
{
  "updateId": 707329904
}
2025-11-25 23:39:25 +02:00: ℹ️ [2025-11-25T21:39:25.158Z] [INFO] Processing update
{
  "updateId": 707329905
}
2025-11-25 23:39:25 +02:00: ℹ️ [2025-11-25T21:39:25.175Z] [INFO] Promo code added
{
  "code": "SUMMER20",
  "id": 1
}
2025-11-25 23:39:34 +02:00: ℹ️ [2025-11-25T21:39:34.705Z] [INFO] Processing update
{
  "updateId": 707329906
}
2025-11-25 23:39:39 +02:00: ℹ️ [2025-11-25T21:39:39.969Z] [INFO] Processing update
{
  "updateId": 707329907
}
2025-11-25 23:39:44 +02:00: ℹ️ [2025-11-25T21:39:44.118Z] [INFO] Processing update
{
  "updateId": 707329908
}
2025-11-25 23:39:46 +02:00: ℹ️ [2025-11-25T21:39:46.559Z] [INFO] Processing update
{
  "updateId": 707329909
}
2025-11-25 23:39:49 +02:00: ℹ️ [2025-11-25T21:39:49.342Z] [INFO] Processing update
{
  "updateId": 707329910
}
2025-11-25 23:39:50 +02:00: ℹ️ [2025-11-25T21:39:50.893Z] [INFO] Processing update
{
  "updateId": 707329911
}
2025-11-25 23:39:55 +02:00: ℹ️ [2025-11-25T21:39:55.350Z] [INFO] Processing update
{
  "updateId": 707329912
}
2025-11-25 23:39:57 +02:00: ℹ️ [2025-11-25T21:39:57.259Z] [INFO] Processing update
{
  "updateId": 707329913
}
2025-11-25 23:40:00 +02:00: ℹ️ [2025-11-25T21:40:00.414Z] [INFO] Processing update
{
  "updateId": 707329914
}
2025-11-25 23:40:05 +02:00: ℹ️ [2025-11-25T21:40:05.594Z] [INFO] Processing update
{
  "updateId": 707329915
}
2025-11-25 23:40:05 +02:00: ℹ️ [2025-11-25T21:40:05.595Z] [INFO] Edit book action triggered
{
  "bookId": 7,
  "userId": 906087418
}
2025-11-25 23:40:05 +02:00: ℹ️ [2025-11-25T21:40:05.679Z] [INFO] Entering EDIT_BOOK_SCENE
{
  "bookId": 7,
  "userId": 906087418
}
2025-11-25 23:40:05 +02:00: ℹ️ [2025-11-25T21:40:05.680Z] [INFO] EditBookScene step 1 entered
{
  "bookId": 7,
  "hasSceneState": true,
  "userId": 906087418
}
2025-11-25 23:40:11 +02:00: ℹ️ [2025-11-25T21:40:11.781Z] [INFO] Processing update
{
  "updateId": 707329916
}
2025-11-25 23:41:03 +02:00: ℹ️ [2025-11-25T21:41:03.072Z] [INFO] Processing update
{
  "updateId": 707329917
}
2025-11-25 23:41:07 +02:00: ℹ️ [2025-11-25T21:41:07.721Z] [INFO] Processing update
{
  "updateId": 707329918
}
2025-11-25 23:41:13 +02:00: ℹ️ [2025-11-25T21:41:13.886Z] [INFO] Processing update
{
  "updateId": 707329919
}
2025-11-25 23:41:17 +02:00: ℹ️ [2025-11-25T21:41:17.781Z] [INFO] Processing update
{
  "updateId": 707329920
}
2025-11-25 23:41:25 +02:00: ℹ️ [2025-11-25T21:41:25.375Z] [INFO] Processing update
{
  "updateId": 707329921
}
2025-11-25 23:41:27 +02:00: ℹ️ [2025-11-25T21:41:27.216Z] [INFO] Processing update
{
  "updateId": 707329922
}
2025-11-25 23:41:31 +02:00: ℹ️ [2025-11-25T21:41:31.181Z] [INFO] Processing update
{
  "updateId": 707329923
}
2025-11-25 23:41:33 +02:00: ℹ️ [2025-11-25T21:41:33.695Z] [INFO] Processing update
{
  "updateId": 707329924
}
2025-11-25 23:41:35 +02:00: ℹ️ [2025-11-25T21:41:35.517Z] [INFO] Processing update
{
  "updateId": 707329925
}
2025-11-25 23:41:36 +02:00: ℹ️ [2025-11-25T21:41:36.945Z] [INFO] Processing update
{
  "updateId": 707329926
}
2025-11-25 23:41:42 +02:00: ℹ️ [2025-11-25T21:41:42.596Z] [INFO] Processing update
{
  "updateId": 707329927
}
2025-11-25 23:41:50 +02:00: ℹ️ [2025-11-25T21:41:50.615Z] [INFO] Processing update
{
  "updateId": 707329928
}
2025-11-25 23:42:04 +02:00: ℹ️ [2025-11-25T21:42:04.831Z] [INFO] Processing update
{
  "updateId": 707329929
}
2025-11-25 23:51:19 +02:00: ℹ️ [2025-11-25T21:51:19.199Z] [INFO] Processing update
{
  "updateId": 707329930
}
2025-11-25 23:51:24 +02:00: ℹ️ [2025-11-25T21:51:24.194Z] [INFO] Environment validation passed
{
  "nodeEnv": "production"
}
2025-11-25 23:51:24 +02:00: ℹ️ [2025-11-25T21:51:24.196Z] [INFO] Environment variables validated successfully
2025-11-25 23:51:24 +02:00: ℹ️ [2025-11-25T21:51:24.197Z] [INFO] Bootstrapping service container...
2025-11-25 23:51:24 +02:00: ℹ️ [2025-11-25T21:51:24.197Z] [INFO] Service container bootstrapped successfully
2025-11-25 23:51:24 +02:00: ℹ️ [2025-11-25T21:51:24.231Z] [INFO] Registering handlers...
2025-11-25 23:51:24 +02:00: ℹ️ [2025-11-25T21:51:24.231Z] [INFO] Admin handlers registered
2025-11-25 23:51:24 +02:00: ℹ️ [2025-11-25T21:51:24.233Z] [INFO] Admin handlers registered
2025-11-25 23:51:24 +02:00: ℹ️ [2025-11-25T21:51:24.234Z] [INFO] Registering user handlers...
2025-11-25 23:51:24 +02:00: ℹ️ [2025-11-25T21:51:24.237Z] [INFO] ✅ All user handlers registered successfully
2025-11-25 23:51:24 +02:00: ℹ️ [2025-11-25T21:51:24.238Z] [INFO] User handlers registered
2025-11-25 23:51:24 +02:00: ℹ️ [2025-11-25T21:51:24.238Z] [INFO] Starting bot launch
2025-11-25 23:51:24 +02:00: ℹ️ [2025-11-25T21:51:24.239Z] [INFO] Initializing database...
2025-11-25 23:51:24 +02:00: ℹ️ [2025-11-25T21:51:24.286Z] [INFO] SQLite PRAGMA configured
{
  "foreign_keys": "ON",
  "busy_timeout": 3000,
  "journal_mode": "WAL"
}
2025-11-25 23:51:24 +02:00: ℹ️ [2025-11-25T21:51:24.293Z] [INFO] Database initialized successfully
{
  "booksCount": 18
}
2025-11-25 23:51:24 +02:00: ℹ️ [2025-11-25T21:51:24.293Z] [INFO] Database initialized successfully
2025-11-25 23:51:24 +02:00: ℹ️ [2025-11-25T21:51:24.293Z] [INFO] Running database migrations...
2025-11-25 23:51:24 +02:00: ℹ️ [2025-11-25T21:51:24.298Z] [INFO] Physical books system initialized successfully
2025-11-25 23:51:24 +02:00: ℹ️ [2025-11-25T21:51:24.299Z] [INFO] 🔄 Running database migrations...

2025-11-25 23:51:24 +02:00: ℹ️ [2025-11-25T21:51:24.300Z] [INFO] 📊 Status: 11/11 migrations completed

2025-11-25 23:51:24 +02:00: ℹ️ [2025-11-25T21:51:24.300Z] [INFO] ✅ Database is up to date - no pending migrations
2025-11-25 23:51:24 +02:00: ℹ️ [2025-11-25T21:51:24.300Z] [INFO] Database migrations completed
{
  "count": 0
}
2025-11-25 23:51:24 +02:00: ℹ️ [2025-11-25T21:51:24.300Z] [INFO] Launching bot...
2025-11-26 00:01:50 +02:00: ℹ️ [2025-11-25T22:01:50.959Z] [INFO] Environment validation passed
{
  "nodeEnv": "production"
}
2025-11-26 00:01:50 +02:00: ℹ️ [2025-11-25T22:01:50.961Z] [INFO] Environment variables validated successfully
2025-11-26 00:01:50 +02:00: ℹ️ [2025-11-25T22:01:50.961Z] [INFO] Bootstrapping service container...
2025-11-26 00:01:50 +02:00: ℹ️ [2025-11-25T22:01:50.961Z] [INFO] Service container bootstrapped successfully
2025-11-26 00:01:50 +02:00: ℹ️ [2025-11-25T22:01:50.992Z] [INFO] Registering handlers...
2025-11-26 00:01:50 +02:00: ℹ️ [2025-11-25T22:01:50.992Z] [INFO] Admin handlers registered
2025-11-26 00:01:50 +02:00: ℹ️ [2025-11-25T22:01:50.994Z] [INFO] Admin handlers registered
2025-11-26 00:01:50 +02:00: ℹ️ [2025-11-25T22:01:50.995Z] [INFO] Registering user handlers...
2025-11-26 00:01:50 +02:00: ℹ️ [2025-11-25T22:01:50.997Z] [INFO] ✅ All user handlers registered successfully
2025-11-26 00:01:50 +02:00: ℹ️ [2025-11-25T22:01:50.998Z] [INFO] User handlers registered
2025-11-26 00:01:50 +02:00: ℹ️ [2025-11-25T22:01:50.999Z] [INFO] Starting bot launch
2025-11-26 00:01:50 +02:00: ℹ️ [2025-11-25T22:01:50.999Z] [INFO] Initializing database...
2025-11-26 00:01:51 +02:00: ℹ️ [2025-11-25T22:01:51.063Z] [INFO] SQLite PRAGMA configured
{
  "foreign_keys": "ON",
  "busy_timeout": 3000,
  "journal_mode": "WAL"
}
2025-11-26 00:01:51 +02:00: ℹ️ [2025-11-25T22:01:51.148Z] [INFO] Physical books system initialized successfully
2025-11-26 00:01:51 +02:00: ℹ️ [2025-11-25T22:01:51.182Z] [INFO] Demo data seeded successfully
{
  "booksCount": 15,
  "adminsCount": 2
}
2025-11-26 00:01:51 +02:00: ℹ️ [2025-11-25T22:01:51.182Z] [INFO] Database initialized successfully
{
  "booksCount": 15
}
2025-11-26 00:01:51 +02:00: ℹ️ [2025-11-25T22:01:51.182Z] [INFO] Database initialized successfully
2025-11-26 00:01:51 +02:00: ℹ️ [2025-11-25T22:01:51.182Z] [INFO] Running database migrations...
2025-11-26 00:01:51 +02:00: ℹ️ [2025-11-25T22:01:51.186Z] [INFO] 🔄 Running database migrations...

2025-11-26 00:01:51 +02:00: ℹ️ [2025-11-25T22:01:51.187Z] [INFO] 📊 Status: 0/11 migrations completed

2025-11-26 00:01:51 +02:00: ℹ️ [2025-11-25T22:01:51.187Z] [INFO] ⏳ Running 11 pending migrations...

2025-11-26 00:01:51 +02:00: ℹ️ [2025-11-25T22:01:51.199Z] [INFO] 
📦 Running migration: 001_20251114_create_core_tables - Create core tables
2025-11-26 00:01:51 +02:00: ℹ️ [2025-11-25T22:01:51.203Z] [INFO] ✅ Completed in 2ms
2025-11-26 00:01:51 +02:00: ℹ️ [2025-11-25T22:01:51.203Z] [INFO] 
📦 Running migration: 002_20251114_add_activity_tracking - Add user activity tracking
2025-11-26 00:01:51 +02:00: ℹ️ [2025-11-25T22:01:51.206Z] [INFO] ✅ Completed in 2ms
2025-11-26 00:01:51 +02:00: ℹ️ [2025-11-25T22:01:51.206Z] [INFO] 
📦 Running migration: 003_20251114_add_search_history - Add search history tracking
2025-11-26 00:01:51 +02:00: ℹ️ [2025-11-25T22:01:51.209Z] [INFO] ✅ Completed in 2ms
2025-11-26 00:01:51 +02:00: ℹ️ [2025-11-25T22:01:51.209Z] [INFO] 
📦 Running migration: 004_20251114_add_notifications - Add notifications system
2025-11-26 00:01:51 +02:00: ℹ️ [2025-11-25T22:01:51.212Z] [INFO] ✅ Completed in 2ms
2025-11-26 00:01:51 +02:00: ℹ️ [2025-11-25T22:01:51.212Z] [INFO] 
📦 Running migration: 005_20251114_add_statistics - Add statistics tracking
2025-11-26 00:01:51 +02:00: ℹ️ [2025-11-25T22:01:51.215Z] [INFO] ✅ Completed in 2ms
2025-11-26 00:01:51 +02:00: ℹ️ [2025-11-25T22:01:51.215Z] [INFO] 
📦 Running migration: 006_20251114_add_soft_delete_support - Add soft delete support
2025-11-26 00:01:51 +02:00: ℹ️ [2025-11-25T22:01:51.218Z] [INFO] ✅ Completed in 2ms
2025-11-26 00:01:51 +02:00: ℹ️ [2025-11-25T22:01:51.219Z] [INFO] 
📦 Running migration: 007_20251115_add_extended_book_info - Add extended book information
2025-11-26 00:01:51 +02:00: ℹ️ [2025-11-25T22:01:51.220Z] [INFO] ✅ Completed in 0ms
2025-11-26 00:01:51 +02:00: ℹ️ [2025-11-25T22:01:51.220Z] [INFO] 
📦 Running migration: 008_20251116_add_epub_support - Add EPUB support
2025-11-26 00:01:51 +02:00: ℹ️ [2025-11-25T22:01:51.222Z] [INFO] ✅ Completed in 1ms
2025-11-26 00:01:51 +02:00: ℹ️ [2025-11-25T22:01:51.222Z] [INFO] 
📦 Running migration: 009_20251119_add_fts5_search - Add FTS5 search virtual table and triggers
2025-11-26 00:01:51 +02:00: ℹ️ [2025-11-25T22:01:51.227Z] [INFO] ✅ Completed in 4ms
2025-11-26 00:01:51 +02:00: ℹ️ [2025-11-25T22:01:51.228Z] [INFO] 
📦 Running migration: 011_20251123_add_performance_indexes - Add performance indexes for frequently queried fields
2025-11-26 00:01:51 +02:00: ℹ️ [2025-11-25T22:01:51.231Z] [INFO] ✅ Completed in 1ms
2025-11-26 00:01:51 +02:00: ℹ️ [2025-11-25T22:01:51.231Z] [INFO] 
📦 Running migration: 012_20251124_add_user_columns - Add user_id, last_active_at, and has_completed_onboarding columns to users table
2025-11-26 00:01:51 +02:00: ℹ️ [2025-11-25T22:01:51.241Z] [INFO] ✅ Completed in 9ms
2025-11-26 00:01:51 +02:00: ℹ️ [2025-11-25T22:01:51.241Z] [INFO] 
✅ Migration complete!
2025-11-26 00:01:51 +02:00: ℹ️ [2025-11-25T22:01:51.241Z] [INFO] 📦 11 migrations executed
2025-11-26 00:01:51 +02:00: ℹ️ [2025-11-25T22:01:51.241Z] [INFO] ⏱️  Total time: 27ms

2025-11-26 00:01:51 +02:00: ℹ️ [2025-11-25T22:01:51.241Z] [INFO] Database migrations completed
{
  "count": 11
}
2025-11-26 00:01:51 +02:00: ℹ️ [2025-11-25T22:01:51.241Z] [INFO] Launching bot...
2025-11-26 00:01:54 +02:00: ℹ️ [2025-11-25T22:01:54.455Z] [INFO] Environment validation passed
{
  "nodeEnv": "production"
}
2025-11-26 00:01:54 +02:00: ℹ️ [2025-11-25T22:01:54.457Z] [INFO] Environment variables validated successfully
2025-11-26 00:01:54 +02:00: ℹ️ [2025-11-25T22:01:54.457Z] [INFO] Bootstrapping service container...
2025-11-26 00:01:54 +02:00: ℹ️ [2025-11-25T22:01:54.457Z] [INFO] Service container bootstrapped successfully
2025-11-26 00:01:54 +02:00: ℹ️ [2025-11-25T22:01:54.489Z] [INFO] Registering handlers...
2025-11-26 00:01:54 +02:00: ℹ️ [2025-11-25T22:01:54.489Z] [INFO] Admin handlers registered
2025-11-26 00:01:54 +02:00: ℹ️ [2025-11-25T22:01:54.491Z] [INFO] Admin handlers registered
2025-11-26 00:01:54 +02:00: ℹ️ [2025-11-25T22:01:54.491Z] [INFO] Registering user handlers...
2025-11-26 00:01:54 +02:00: ℹ️ [2025-11-25T22:01:54.496Z] [INFO] ✅ All user handlers registered successfully
2025-11-26 00:01:54 +02:00: ℹ️ [2025-11-25T22:01:54.496Z] [INFO] User handlers registered
2025-11-26 00:01:54 +02:00: ℹ️ [2025-11-25T22:01:54.496Z] [INFO] Starting bot launch
2025-11-26 00:01:54 +02:00: ℹ️ [2025-11-25T22:01:54.497Z] [INFO] Initializing database...
2025-11-26 00:01:54 +02:00: ℹ️ [2025-11-25T22:01:54.536Z] [INFO] SQLite PRAGMA configured
{
  "foreign_keys": "ON",
  "busy_timeout": 3000,
  "journal_mode": "WAL"
}
2025-11-26 00:01:54 +02:00: ℹ️ [2025-11-25T22:01:54.544Z] [INFO] Database initialized successfully
{
  "booksCount": 15
}
2025-11-26 00:01:54 +02:00: ℹ️ [2025-11-25T22:01:54.544Z] [INFO] Database initialized successfully
2025-11-26 00:01:54 +02:00: ℹ️ [2025-11-25T22:01:54.544Z] [INFO] Running database migrations...
2025-11-26 00:01:54 +02:00: ℹ️ [2025-11-25T22:01:54.547Z] [INFO] Physical books system initialized successfully
2025-11-26 00:01:54 +02:00: ℹ️ [2025-11-25T22:01:54.547Z] [INFO] 🔄 Running database migrations...

2025-11-26 00:01:54 +02:00: ℹ️ [2025-11-25T22:01:54.549Z] [INFO] 📊 Status: 11/11 migrations completed

2025-11-26 00:01:54 +02:00: ℹ️ [2025-11-25T22:01:54.549Z] [INFO] ✅ Database is up to date - no pending migrations
2025-11-26 00:01:54 +02:00: ℹ️ [2025-11-25T22:01:54.549Z] [INFO] Database migrations completed
{
  "count": 0
}
2025-11-26 00:01:54 +02:00: ℹ️ [2025-11-25T22:01:54.549Z] [INFO] Launching bot...
2025-11-26 00:02:52 +02:00: ℹ️ [2025-11-25T22:02:52.863Z] [INFO] Environment validation passed
{
  "nodeEnv": "production"
}
2025-11-26 00:02:52 +02:00: ℹ️ [2025-11-25T22:02:52.865Z] [INFO] Environment variables validated successfully
2025-11-26 00:02:52 +02:00: ℹ️ [2025-11-25T22:02:52.866Z] [INFO] Bootstrapping service container...
2025-11-26 00:02:52 +02:00: ℹ️ [2025-11-25T22:02:52.866Z] [INFO] Service container bootstrapped successfully
2025-11-26 00:02:52 +02:00: ℹ️ [2025-11-25T22:02:52.898Z] [INFO] Registering handlers...
2025-11-26 00:02:52 +02:00: ℹ️ [2025-11-25T22:02:52.898Z] [INFO] Admin handlers registered
2025-11-26 00:02:52 +02:00: ℹ️ [2025-11-25T22:02:52.900Z] [INFO] Admin handlers registered
2025-11-26 00:02:52 +02:00: ℹ️ [2025-11-25T22:02:52.900Z] [INFO] Registering user handlers...
2025-11-26 00:02:52 +02:00: ℹ️ [2025-11-25T22:02:52.902Z] [INFO] ✅ All user handlers registered successfully
2025-11-26 00:02:52 +02:00: ℹ️ [2025-11-25T22:02:52.903Z] [INFO] User handlers registered
2025-11-26 00:02:52 +02:00: ℹ️ [2025-11-25T22:02:52.903Z] [INFO] Starting bot launch
2025-11-26 00:02:52 +02:00: ℹ️ [2025-11-25T22:02:52.903Z] [INFO] Initializing database...
2025-11-26 00:02:52 +02:00: ℹ️ [2025-11-25T22:02:52.938Z] [INFO] SQLite PRAGMA configured
{
  "foreign_keys": "ON",
  "busy_timeout": 3000,
  "journal_mode": "WAL"
}
2025-11-26 00:02:52 +02:00: ℹ️ [2025-11-25T22:02:52.944Z] [INFO] Database initialized successfully
{
  "booksCount": 15
}
2025-11-26 00:02:52 +02:00: ℹ️ [2025-11-25T22:02:52.944Z] [INFO] Database initialized successfully
2025-11-26 00:02:52 +02:00: ℹ️ [2025-11-25T22:02:52.944Z] [INFO] Running database migrations...
2025-11-26 00:02:52 +02:00: ℹ️ [2025-11-25T22:02:52.948Z] [INFO] Physical books system initialized successfully
2025-11-26 00:02:52 +02:00: ℹ️ [2025-11-25T22:02:52.948Z] [INFO] 🔄 Running database migrations...

2025-11-26 00:02:52 +02:00: ℹ️ [2025-11-25T22:02:52.949Z] [INFO] 📊 Status: 11/11 migrations completed

2025-11-26 00:02:52 +02:00: ℹ️ [2025-11-25T22:02:52.949Z] [INFO] ✅ Database is up to date - no pending migrations
2025-11-26 00:02:52 +02:00: ℹ️ [2025-11-25T22:02:52.949Z] [INFO] Database migrations completed
{
  "count": 0
}
2025-11-26 00:02:52 +02:00: ℹ️ [2025-11-25T22:02:52.949Z] [INFO] Launching bot...
2025-11-26 00:04:31 +02:00: ℹ️ [2025-11-25T22:04:31.134Z] [INFO] Environment validation passed
{
  "nodeEnv": "production"
}
2025-11-26 00:04:31 +02:00: ℹ️ [2025-11-25T22:04:31.136Z] [INFO] Environment variables validated successfully
2025-11-26 00:04:31 +02:00: ℹ️ [2025-11-25T22:04:31.137Z] [INFO] Bootstrapping service container...
2025-11-26 00:04:31 +02:00: ℹ️ [2025-11-25T22:04:31.137Z] [INFO] Service container bootstrapped successfully
2025-11-26 00:04:31 +02:00: ℹ️ [2025-11-25T22:04:31.180Z] [INFO] Registering handlers...
2025-11-26 00:04:31 +02:00: ℹ️ [2025-11-25T22:04:31.180Z] [INFO] Admin handlers registered
2025-11-26 00:04:31 +02:00: ℹ️ [2025-11-25T22:04:31.183Z] [INFO] Admin handlers registered
2025-11-26 00:04:31 +02:00: ℹ️ [2025-11-25T22:04:31.183Z] [INFO] Registering user handlers...
2025-11-26 00:04:31 +02:00: ℹ️ [2025-11-25T22:04:31.186Z] [INFO] ✅ All user handlers registered successfully
2025-11-26 00:04:31 +02:00: ℹ️ [2025-11-25T22:04:31.187Z] [INFO] User handlers registered
2025-11-26 00:04:31 +02:00: ℹ️ [2025-11-25T22:04:31.187Z] [INFO] Starting bot launch
2025-11-26 00:04:31 +02:00: ℹ️ [2025-11-25T22:04:31.187Z] [INFO] Initializing database...
2025-11-26 00:04:31 +02:00: ℹ️ [2025-11-25T22:04:31.232Z] [INFO] SQLite PRAGMA configured
{
  "foreign_keys": "ON",
  "busy_timeout": 3000,
  "journal_mode": "WAL"
}
2025-11-26 00:04:31 +02:00: ℹ️ [2025-11-25T22:04:31.240Z] [INFO] Physical books system initialized successfully
2025-11-26 00:04:31 +02:00: ℹ️ [2025-11-25T22:04:31.319Z] [INFO] Demo data seeded successfully
{
  "booksCount": 15,
  "adminsCount": 2
}
2025-11-26 00:04:31 +02:00: ℹ️ [2025-11-25T22:04:31.320Z] [INFO] Database initialized successfully
{
  "booksCount": 15
}
2025-11-26 00:04:31 +02:00: ℹ️ [2025-11-25T22:04:31.320Z] [INFO] Database initialized successfully
2025-11-26 00:04:31 +02:00: ℹ️ [2025-11-25T22:04:31.320Z] [INFO] Running database migrations...
2025-11-26 00:04:31 +02:00: ℹ️ [2025-11-25T22:04:31.324Z] [INFO] 🔄 Running database migrations...

2025-11-26 00:04:31 +02:00: ℹ️ [2025-11-25T22:04:31.325Z] [INFO] 📊 Status: 11/11 migrations completed

2025-11-26 00:04:31 +02:00: ℹ️ [2025-11-25T22:04:31.326Z] [INFO] ✅ Database is up to date - no pending migrations
2025-11-26 00:04:31 +02:00: ℹ️ [2025-11-25T22:04:31.326Z] [INFO] Database migrations completed
{
  "count": 0
}
2025-11-26 00:04:31 +02:00: ℹ️ [2025-11-25T22:04:31.326Z] [INFO] Launching bot...
2025-11-26 00:05:26 +02:00: ℹ️ [2025-11-25T22:05:26.491Z] [INFO] Environment validation passed
{
  "nodeEnv": "production"
}
2025-11-26 00:05:26 +02:00: ℹ️ [2025-11-25T22:05:26.494Z] [INFO] Environment variables validated successfully
2025-11-26 00:05:26 +02:00: ℹ️ [2025-11-25T22:05:26.494Z] [INFO] Bootstrapping service container...
2025-11-26 00:05:26 +02:00: ℹ️ [2025-11-25T22:05:26.494Z] [INFO] Service container bootstrapped successfully
2025-11-26 00:05:26 +02:00: ℹ️ [2025-11-25T22:05:26.526Z] [INFO] Registering handlers...
2025-11-26 00:05:26 +02:00: ℹ️ [2025-11-25T22:05:26.526Z] [INFO] Admin handlers registered
2025-11-26 00:05:26 +02:00: ℹ️ [2025-11-25T22:05:26.528Z] [INFO] Admin handlers registered
2025-11-26 00:05:26 +02:00: ℹ️ [2025-11-25T22:05:26.528Z] [INFO] Registering user handlers...
2025-11-26 00:05:26 +02:00: ℹ️ [2025-11-25T22:05:26.531Z] [INFO] ✅ All user handlers registered successfully
2025-11-26 00:05:26 +02:00: ℹ️ [2025-11-25T22:05:26.531Z] [INFO] User handlers registered
2025-11-26 00:05:26 +02:00: ℹ️ [2025-11-25T22:05:26.532Z] [INFO] Starting bot launch
2025-11-26 00:05:26 +02:00: ℹ️ [2025-11-25T22:05:26.532Z] [INFO] Initializing database...
2025-11-26 00:05:26 +02:00: ℹ️ [2025-11-25T22:05:26.572Z] [INFO] SQLite PRAGMA configured
{
  "foreign_keys": "ON",
  "busy_timeout": 3000,
  "journal_mode": "WAL"
}
2025-11-26 00:05:26 +02:00: ℹ️ [2025-11-25T22:05:26.578Z] [INFO] Database initialized successfully
{
  "booksCount": 0
}
2025-11-26 00:05:26 +02:00: ℹ️ [2025-11-25T22:05:26.578Z] [INFO] Database initialized successfully
2025-11-26 00:05:26 +02:00: ℹ️ [2025-11-25T22:05:26.578Z] [INFO] Running database migrations...
2025-11-26 00:05:26 +02:00: ℹ️ [2025-11-25T22:05:26.581Z] [INFO] Physical books system initialized successfully
2025-11-26 00:05:26 +02:00: ℹ️ [2025-11-25T22:05:26.582Z] [INFO] 🔄 Running database migrations...

2025-11-26 00:05:26 +02:00: ℹ️ [2025-11-25T22:05:26.583Z] [INFO] 📊 Status: 11/11 migrations completed

2025-11-26 00:05:26 +02:00: ℹ️ [2025-11-25T22:05:26.583Z] [INFO] ✅ Database is up to date - no pending migrations
2025-11-26 00:05:26 +02:00: ℹ️ [2025-11-25T22:05:26.583Z] [INFO] Database migrations completed
{
  "count": 0
}
2025-11-26 00:05:26 +02:00: ℹ️ [2025-11-25T22:05:26.583Z] [INFO] Launching bot...
2025-11-26 00:07:47 +02:00: ℹ️ [2025-11-25T22:07:47.914Z] [INFO] Environment validation passed
{
  "nodeEnv": "production"
}
2025-11-26 00:07:47 +02:00: ℹ️ [2025-11-25T22:07:47.917Z] [INFO] Environment variables validated successfully
2025-11-26 00:07:47 +02:00: ℹ️ [2025-11-25T22:07:47.918Z] [INFO] Bootstrapping service container...
2025-11-26 00:07:47 +02:00: ℹ️ [2025-11-25T22:07:47.918Z] [INFO] Service container bootstrapped successfully
2025-11-26 00:07:47 +02:00: ℹ️ [2025-11-25T22:07:47.960Z] [INFO] Registering handlers...
2025-11-26 00:07:47 +02:00: ℹ️ [2025-11-25T22:07:47.960Z] [INFO] Admin handlers registered
2025-11-26 00:07:47 +02:00: ℹ️ [2025-11-25T22:07:47.963Z] [INFO] Admin handlers registered
2025-11-26 00:07:47 +02:00: ℹ️ [2025-11-25T22:07:47.963Z] [INFO] Registering user handlers...
2025-11-26 00:07:47 +02:00: ℹ️ [2025-11-25T22:07:47.966Z] [INFO] ✅ All user handlers registered successfully
2025-11-26 00:07:47 +02:00: ℹ️ [2025-11-25T22:07:47.967Z] [INFO] User handlers registered
2025-11-26 00:07:47 +02:00: ℹ️ [2025-11-25T22:07:47.968Z] [INFO] Starting bot launch
2025-11-26 00:07:47 +02:00: ℹ️ [2025-11-25T22:07:47.968Z] [INFO] Initializing database...
2025-11-26 00:07:48 +02:00: ℹ️ [2025-11-25T22:07:48.014Z] [INFO] SQLite PRAGMA configured
{
  "foreign_keys": "ON",
  "busy_timeout": 3000,
  "journal_mode": "WAL"
}
2025-11-26 00:07:48 +02:00: ℹ️ [2025-11-25T22:07:48.020Z] [INFO] Database initialized successfully
{
  "booksCount": 0
}
2025-11-26 00:07:48 +02:00: ℹ️ [2025-11-25T22:07:48.020Z] [INFO] Database initialized successfully
2025-11-26 00:07:48 +02:00: ℹ️ [2025-11-25T22:07:48.020Z] [INFO] Running database migrations...
2025-11-26 00:07:48 +02:00: ℹ️ [2025-11-25T22:07:48.028Z] [INFO] Physical books system initialized successfully
2025-11-26 00:07:48 +02:00: ℹ️ [2025-11-25T22:07:48.029Z] [INFO] 🔄 Running database migrations...

2025-11-26 00:07:48 +02:00: ℹ️ [2025-11-25T22:07:48.032Z] [INFO] 📊 Status: 11/11 migrations completed

2025-11-26 00:07:48 +02:00: ℹ️ [2025-11-25T22:07:48.032Z] [INFO] ✅ Database is up to date - no pending migrations
2025-11-26 00:07:48 +02:00: ℹ️ [2025-11-25T22:07:48.032Z] [INFO] Database migrations completed
{
  "count": 0
}
2025-11-26 00:07:48 +02:00: ℹ️ [2025-11-25T22:07:48.032Z] [INFO] Launching bot...
2025-11-26 01:09:32 +02:00: ℹ️ [2025-11-25T23:09:32.593Z] [INFO] Environment validation passed
{
  "nodeEnv": "production"
}
2025-11-26 01:09:32 +02:00: ℹ️ [2025-11-25T23:09:32.595Z] [INFO] Environment variables validated successfully
2025-11-26 01:09:32 +02:00: ℹ️ [2025-11-25T23:09:32.595Z] [INFO] Bootstrapping service container...
2025-11-26 01:09:32 +02:00: ℹ️ [2025-11-25T23:09:32.595Z] [INFO] Service container bootstrapped successfully
2025-11-26 01:09:32 +02:00: ℹ️ [2025-11-25T23:09:32.631Z] [INFO] Registering handlers...
2025-11-26 01:09:32 +02:00: ℹ️ [2025-11-25T23:09:32.631Z] [INFO] Admin handlers registered
2025-11-26 01:09:32 +02:00: ℹ️ [2025-11-25T23:09:32.632Z] [INFO] Admin handlers registered
2025-11-26 01:09:32 +02:00: ℹ️ [2025-11-25T23:09:32.633Z] [INFO] Registering user handlers...
2025-11-26 01:09:32 +02:00: ℹ️ [2025-11-25T23:09:32.635Z] [INFO] ✅ All user handlers registered successfully
2025-11-26 01:09:32 +02:00: ℹ️ [2025-11-25T23:09:32.635Z] [INFO] User handlers registered
2025-11-26 01:09:32 +02:00: ℹ️ [2025-11-25T23:09:32.636Z] [INFO] Starting bot launch
2025-11-26 01:09:32 +02:00: ℹ️ [2025-11-25T23:09:32.636Z] [INFO] Initializing database...
2025-11-26 01:09:32 +02:00: ℹ️ [2025-11-25T23:09:32.669Z] [INFO] SQLite PRAGMA configured
{
  "foreign_keys": "ON",
  "busy_timeout": 3000,
  "journal_mode": "WAL"
}
2025-11-26 01:09:32 +02:00: ℹ️ [2025-11-25T23:09:32.675Z] [INFO] Database initialized successfully
{
  "booksCount": 0
}
2025-11-26 01:09:32 +02:00: ℹ️ [2025-11-25T23:09:32.675Z] [INFO] Database initialized successfully
2025-11-26 01:09:32 +02:00: ℹ️ [2025-11-25T23:09:32.675Z] [INFO] Running database migrations...
2025-11-26 01:09:32 +02:00: ℹ️ [2025-11-25T23:09:32.679Z] [INFO] Physical books system initialized successfully
2025-11-26 01:09:32 +02:00: ℹ️ [2025-11-25T23:09:32.679Z] [INFO] 🔄 Running database migrations...

2025-11-26 01:09:32 +02:00: ℹ️ [2025-11-25T23:09:32.681Z] [INFO] 📊 Status: 11/11 migrations completed

2025-11-26 01:09:32 +02:00: ℹ️ [2025-11-25T23:09:32.681Z] [INFO] ✅ Database is up to date - no pending migrations
2025-11-26 01:09:32 +02:00: ℹ️ [2025-11-25T23:09:32.681Z] [INFO] Database migrations completed
{
  "count": 0
}
2025-11-26 01:09:32 +02:00: ℹ️ [2025-11-25T23:09:32.681Z] [INFO] Launching bot...
2025-11-26 01:10:32 +02:00: ℹ️ [2025-11-25T23:10:32.220Z] [INFO] Processing update
{
  "updateId": 707329931
}
2025-11-26 01:10:32 +02:00: ℹ️ [2025-11-25T23:10:32.239Z] [INFO] New user detected, starting onboarding
{
  "userId": 906087418,
  "username": "Dmitry_Shiva"
}
2025-11-26 01:10:34 +02:00: ℹ️ [2025-11-25T23:10:34.356Z] [INFO] Processing update
{
  "updateId": 707329932
}
2025-11-26 01:10:36 +02:00: ℹ️ [2025-11-25T23:10:36.759Z] [INFO] Processing update
{
  "updateId": 707329933
}
2025-11-26 01:10:37 +02:00: ℹ️ [2025-11-25T23:10:37.620Z] [INFO] Processing update
{
  "updateId": 707329934
}
2025-11-26 01:10:38 +02:00: ℹ️ [2025-11-25T23:10:38.661Z] [INFO] Processing update
{
  "updateId": 707329935
}
2025-11-26 01:10:41 +02:00: ℹ️ [2025-11-25T23:10:41.017Z] [INFO] Processing update
{
  "updateId": 707329936
}
2025-11-26 01:10:45 +02:00: ℹ️ [2025-11-25T23:10:45.378Z] [INFO] Processing update
{
  "updateId": 707329937
}
2025-11-26 01:10:48 +02:00: ℹ️ [2025-11-25T23:10:48.903Z] [INFO] Processing update
{
  "updateId": 707329938
}
2025-11-26 01:10:53 +02:00: ℹ️ [2025-11-25T23:10:53.821Z] [INFO] Processing update
{
  "updateId": 707329939
}
2025-11-26 01:10:55 +02:00: ℹ️ [2025-11-25T23:10:55.201Z] [INFO] Processing update
{
  "updateId": 707329940
}
2025-11-26 01:10:55 +02:00: ℹ️ [2025-11-25T23:10:55.323Z] [INFO] User completed onboarding
{
  "userId": 906087418,
  "selectedGenres": [
    "Фентезі",
    "Шпигунський роман",
    "Класика"
  ],
  "selectedContentTypes": [
    "books",
    "audio",
    "podcasts"
  ]
}
2025-11-26 01:11:02 +02:00: ℹ️ [2025-11-25T23:11:02.137Z] [INFO] Processing update
{
  "updateId": 707329941
}
2025-11-26 01:11:02 +02:00: ℹ️ [2025-11-25T23:11:02.218Z] [INFO] User finished onboarding
{
  "userId": 906087418
}
2025-11-26 01:11:05 +02:00: ℹ️ [2025-11-25T23:11:05.629Z] [INFO] Processing update
{
  "updateId": 707329942
}
2025-11-26 01:11:05 +02:00: ℹ️ [2025-11-25T23:11:05.741Z] [INFO] User action: view_catalog_main
{
  "userId": 906087418
}
2025-11-26 01:11:06 +02:00: ℹ️ [2025-11-25T23:11:06.948Z] [INFO] Processing update
{
  "updateId": 707329943
}
2025-11-26 01:11:08 +02:00: ℹ️ [2025-11-25T23:11:08.268Z] [INFO] Processing update
{
  "updateId": 707329944
}
2025-11-26 01:11:09 +02:00: ℹ️ [2025-11-25T23:11:09.292Z] [INFO] Processing update
{
  "updateId": 707329945
}
2025-11-26 01:11:09 +02:00: ℹ️ [2025-11-25T23:11:09.458Z] [INFO] User action: view_catalog_books
{
  "userId": 906087418
}
2025-11-26 01:11:10 +02:00: ℹ️ [2025-11-25T23:11:10.526Z] [INFO] Processing update
{
  "updateId": 707329946
}
2025-11-26 01:11:13 +02:00: ℹ️ [2025-11-25T23:11:13.289Z] [INFO] Processing update
{
  "updateId": 707329947
}
2025-11-26 01:11:13 +02:00: ℹ️ [2025-11-25T23:11:13.376Z] [INFO] User action: view_catalog_main
{
  "userId": 906087418
}
2025-11-26 01:11:14 +02:00: ℹ️ [2025-11-25T23:11:14.710Z] [INFO] Processing update
{
  "updateId": 707329948
}
2025-11-26 01:11:14 +02:00: ℹ️ [2025-11-25T23:11:14.873Z] [INFO] User action: view_catalog_books
{
  "userId": 906087418
}
2025-11-26 01:11:16 +02:00: ℹ️ [2025-11-25T23:11:16.847Z] [INFO] Processing update
{
  "updateId": 707329949
}
2025-11-26 01:11:19 +02:00: ℹ️ [2025-11-25T23:11:19.322Z] [INFO] Processing update
{
  "updateId": 707329950
}
2025-11-26 01:11:19 +02:00: ℹ️ [2025-11-25T23:11:19.486Z] [INFO] User action: view_catalog_main
{
  "userId": 906087418
}
2025-11-26 01:11:25 +02:00: ℹ️ [2025-11-25T23:11:25.590Z] [INFO] Processing update
{
  "updateId": 707329951
}
2025-11-26 01:11:25 +02:00: ℹ️ [2025-11-25T23:11:25.712Z] [INFO] User action: view_profile
{
  "userId": 906087418
}
2025-11-26 01:11:25 +02:00: ℹ️ [2025-11-25T23:11:25.712Z] [INFO] User action: view_profile
{
  "userId": 906087418
}
2025-11-26 01:11:29 +02:00: ℹ️ [2025-11-25T23:11:29.577Z] [INFO] Processing update
{
  "updateId": 707329952
}
2025-11-26 01:11:32 +02:00: ℹ️ [2025-11-25T23:11:32.028Z] [INFO] Processing update
{
  "updateId": 707329953
}
2025-11-26 01:11:32 +02:00: ℹ️ [2025-11-25T23:11:32.135Z] [INFO] User action: start_ai
{
  "userId": 906087418
}
2025-11-26 01:11:51 +02:00: ℹ️ [2025-11-25T23:11:51.521Z] [INFO] Processing update
{
  "updateId": 707329954
}
2025-11-26 01:12:26 +02:00: ℹ️ [2025-11-25T23:12:26.807Z] [INFO] Processing update
{
  "updateId": 707329955
}
2025-11-26 01:12:30 +02:00: ℹ️ [2025-11-25T23:12:30.250Z] [INFO] Processing update
{
  "updateId": 707329956
}
2025-11-26 01:12:30 +02:00: ℹ️ [2025-11-25T23:12:30.369Z] [INFO] User action: view_promocode_info
{
  "userId": 906087418
}
2025-11-26 01:12:37 +02:00: ℹ️ [2025-11-25T23:12:37.071Z] [INFO] Processing update
{
  "updateId": 707329957
}
2025-11-26 01:12:41 +02:00: ℹ️ [2025-11-25T23:12:41.706Z] [INFO] Processing update
{
  "updateId": 707329958
}
2025-11-26 01:12:41 +02:00: ℹ️ [2025-11-25T23:12:41.864Z] [INFO] User action: go_home_action
{
  "userId": 906087418
}
2025-11-26 01:12:44 +02:00: ℹ️ [2025-11-25T23:12:44.045Z] [INFO] Processing update
{
  "updateId": 707329959
}
2025-11-26 01:12:44 +02:00: ℹ️ [2025-11-25T23:12:44.146Z] [INFO] User action: start_feedback
{
  "userId": 906087418
}
2025-11-26 01:12:54 +02:00: ℹ️ [2025-11-25T23:12:54.999Z] [INFO] Processing update
{
  "updateId": 707329960
}
2025-11-26 01:12:55 +02:00: ℹ️ [2025-11-25T23:12:55.016Z] [INFO] Feedback added
{
  "id": 1,
  "user_id": 906087418
}
2025-11-26 01:12:55 +02:00: ℹ️ [2025-11-25T23:12:55.017Z] [INFO] Feedback message saved
{
  "feedbackId": 1,
  "userId": 906087418
}
2025-11-26 01:13:05 +02:00: ℹ️ [2025-11-25T23:13:05.882Z] [INFO] Processing update
{
  "updateId": 707329961
}
2025-11-26 01:13:05 +02:00: ℹ️ [2025-11-25T23:13:05.977Z] [INFO] User action: view_help
{
  "userId": 906087418
}
2025-11-26 01:13:16 +02:00: ℹ️ [2025-11-25T23:13:16.595Z] [INFO] Processing update
{
  "updateId": 707329962
}
2025-11-26 01:13:16 +02:00: ℹ️ [2025-11-25T23:13:16.596Z] [INFO] /admin command received
{
  "userId": 906087418
}
2025-11-26 01:13:22 +02:00: ℹ️ [2025-11-25T23:13:22.614Z] [INFO] Processing update
{
  "updateId": 707329963
}
2025-11-26 01:13:22 +02:00: ℹ️ [2025-11-25T23:13:22.740Z] [INFO] Feedback messages loaded
{
  "pending": 1,
  "total": 1
}
2025-11-26 01:13:34 +02:00: ℹ️ [2025-11-25T23:13:34.125Z] [INFO] Processing update
{
  "updateId": 707329964
}
2025-11-26 01:13:40 +02:00: ℹ️ [2025-11-25T23:13:40.727Z] [INFO] Processing update
{
  "updateId": 707329965
}
2025-11-26 01:13:40 +02:00: ℹ️ [2025-11-25T23:13:40.743Z] [INFO] Admin reply added
{
  "feedbackId": 1
}
2025-11-26 01:13:40 +02:00: ℹ️ [2025-11-25T23:13:40.936Z] [INFO] Admin replied to feedback
{
  "feedbackId": 1,
  "userId": 906087418,
  "adminId": 906087418
}
2025-11-26 01:13:46 +02:00: ℹ️ [2025-11-25T23:13:46.289Z] [INFO] Processing update
{
  "updateId": 707329966
}
2025-11-26 01:13:46 +02:00: ℹ️ [2025-11-25T23:13:46.307Z] [INFO] Feedback status updated
{
  "feedbackId": 1,
  "status": "read",
  "changes": 1
}
2025-11-26 01:13:54 +02:00: ℹ️ [2025-11-25T23:13:54.839Z] [INFO] Processing update
{
  "updateId": 707329967
}
2025-11-26 01:14:45 +02:00: ℹ️ [2025-11-25T23:14:45.741Z] [INFO] Processing update
{
  "updateId": 707329968
}
2025-11-26 01:15:13 +02:00: ℹ️ [2025-11-25T23:15:13.126Z] [INFO] Processing update
{
  "updateId": 707329969
}
2025-11-26 01:15:15 +02:00: ℹ️ [2025-11-25T23:15:15.351Z] [INFO] Processing update
{
  "updateId": 707329970
}
2025-11-26 01:15:31 +02:00: ℹ️ [2025-11-25T23:15:31.866Z] [INFO] Processing update
{
  "updateId": 707329971
}
2025-11-26 01:15:37 +02:00: ℹ️ [2025-11-25T23:15:37.546Z] [INFO] Processing update
{
  "updateId": 707329972
}
2025-11-26 01:15:37 +02:00: ℹ️ [2025-11-25T23:15:37.644Z] [INFO] Podcast added
{
  "id": 1,
  "theme": "Хто такий аналітик в армії"
}
2025-11-26 01:15:39 +02:00: ℹ️ [2025-11-25T23:15:39.284Z] [INFO] Processing update
{
  "updateId": 707329973
}
2025-11-26 01:15:44 +02:00: ℹ️ [2025-11-25T23:15:44.646Z] [INFO] Processing update
{
  "updateId": 707329974
}
2025-11-26 01:15:44 +02:00: ℹ️ [2025-11-25T23:15:44.729Z] [INFO] User action: start_add_book
{
  "userId": 906087418
}
2025-11-26 01:16:04 +02:00: ℹ️ [2025-11-25T23:16:04.990Z] [INFO] Processing update
{
  "updateId": 707329975
}
2025-11-26 01:16:04 +02:00: ℹ️ [2025-11-25T23:16:04.990Z] [INFO] User action: entered_title
{
  "userId": 906087418,
  "title": "Козачка"
}
2025-11-26 01:16:13 +02:00: ℹ️ [2025-11-25T23:16:13.494Z] [INFO] Processing update
{
  "updateId": 707329976
}
2025-11-26 01:16:13 +02:00: ℹ️ [2025-11-25T23:16:13.495Z] [INFO] User action: entered_author
{
  "userId": 906087418,
  "author": "Марко Вовчок"
}
2025-11-26 01:16:15 +02:00: ℹ️ [2025-11-25T23:16:15.165Z] [INFO] Processing update
{
  "updateId": 707329977
}
2025-11-26 01:16:17 +02:00: ℹ️ [2025-11-25T23:16:17.951Z] [INFO] Processing update
{
  "updateId": 707329978
}
2025-11-26 01:16:22 +02:00: ℹ️ [2025-11-25T23:16:22.461Z] [INFO] Processing update
{
  "updateId": 707329979
}
2025-11-26 01:16:23 +02:00: ℹ️ [2025-11-25T23:16:23.360Z] [INFO] Processing update
{
  "updateId": 707329980
}
2025-11-26 01:16:29 +02:00: ℹ️ [2025-11-25T23:16:29.621Z] [INFO] Processing update
{
  "updateId": 707329981
}
2025-11-26 01:16:29 +02:00: ℹ️ [2025-11-25T23:16:29.784Z] [INFO] User action: selected_genres
{
  "userId": 906087418,
  "genres": [
    "Художня література",
    "Історія",
    "Драма"
  ]
}
2025-11-26 01:16:40 +02:00: ℹ️ [2025-11-25T23:16:40.870Z] [INFO] Processing update
{
  "updateId": 707329982
}
2025-11-26 01:16:53 +02:00: ℹ️ [2025-11-25T23:16:53.718Z] [INFO] Processing update
{
  "updateId": 707329983
}
2025-11-26 01:16:53 +02:00: ℹ️ [2025-11-25T23:16:53.718Z] [INFO] User action: entered_description
{
  "userId": 906087418,
  "descriptionLength": 553
}
2025-11-26 01:16:58 +02:00: ℹ️ [2025-11-25T23:16:58.377Z] [INFO] Processing update
{
  "updateId": 707329984
}
2025-11-26 01:16:58 +02:00: ℹ️ [2025-11-25T23:16:58.474Z] [INFO] User action: uploaded_photo
{
  "userId": 906087418
}
2025-11-26 01:17:05 +02:00: ℹ️ [2025-11-25T23:17:05.433Z] [INFO] Processing update
{
  "updateId": 707329985
}
2025-11-26 01:17:05 +02:00: ℹ️ [2025-11-25T23:17:05.527Z] [INFO] User action: entered_isbn
{
  "userId": 906087418,
  "isbn": "675367-76"
}
2025-11-26 01:17:07 +02:00: ℹ️ [2025-11-25T23:17:07.010Z] [INFO] Processing update
{
  "updateId": 707329986
}
2025-11-26 01:17:07 +02:00: ℹ️ [2025-11-25T23:17:07.177Z] [INFO] User action: selected_language
{
  "userId": 906087418,
  "language": "Українська"
}
2025-11-26 01:17:09 +02:00: ℹ️ [2025-11-25T23:17:09.004Z] [INFO] Processing update
{
  "updateId": 707329987
}
2025-11-26 01:17:09 +02:00: ℹ️ [2025-11-25T23:17:09.180Z] [INFO] User action: physical_available_yes
{
  "userId": 906087418
}
2025-11-26 01:17:11 +02:00: ℹ️ [2025-11-25T23:17:11.022Z] [INFO] Processing update
{
  "updateId": 707329988
}
2025-11-26 01:17:15 +02:00: ℹ️ [2025-11-25T23:17:15.399Z] [INFO] Processing update
{
  "updateId": 707329989
}
2025-11-26 01:17:15 +02:00: ℹ️ [2025-11-25T23:17:15.535Z] [INFO] User action: uploaded_file
{
  "userId": 906087418,
  "fileName": "Vovchok_Kozachka_4f8a45_283204.fb2.zip"
}
2025-11-26 01:17:17 +02:00: ℹ️ [2025-11-25T23:17:17.341Z] [INFO] Processing update
{
  "updateId": 707329990
}
2025-11-26 01:17:23 +02:00: ℹ️ [2025-11-25T23:17:23.097Z] [INFO] Processing update
{
  "updateId": 707329991
}
2025-11-26 01:17:23 +02:00: ℹ️ [2025-11-25T23:17:23.187Z] [INFO] User action: uploaded_audio
{
  "userId": 906087418,
  "fileName": "1 (1).mp3"
}
2025-11-26 01:17:25 +02:00: ℹ️ [2025-11-25T23:17:25.172Z] [INFO] Processing update
{
  "updateId": 707329992
}
2025-11-26 01:17:42 +02:00: ℹ️ [2025-11-25T23:17:42.605Z] [INFO] Processing update
{
  "updateId": 707329993
}
2025-11-26 01:17:42 +02:00: ℹ️ [2025-11-25T23:17:42.701Z] [INFO] User action: added_link
{
  "userId": 906087418,
  "link": "https://uk.wikipedia.org/wiki/%D0%A0%D0%B8%D0%BB%D1%8C%D1%81%D1%8C%D0%BA%D0%B8%D0%B9_%D0%9C%D0%B0%D0%BA%D1%81%D0%B8%D0%BC_%D0%A2%D0%B0%D0%B4%D0%B5%D0%B9%D0%BE%D0%B2%D0%B8%D1%87"
}
2025-11-26 01:17:45 +02:00: ℹ️ [2025-11-25T23:17:45.298Z] [INFO] Processing update
{
  "updateId": 707329994
}
2025-11-26 01:17:50 +02:00: ℹ️ [2025-11-25T23:17:50.057Z] [INFO] Processing update
{
  "updateId": 707329995
}
2025-11-26 01:17:50 +02:00: ℹ️ [2025-11-25T23:17:50.836Z] [INFO] Processing update
{
  "updateId": 707329996
}
2025-11-26 01:17:52 +02:00: ℹ️ [2025-11-25T23:17:52.282Z] [INFO] Processing update
{
  "updateId": 707329997
}
2025-11-26 01:17:54 +02:00: ℹ️ [2025-11-25T23:17:54.236Z] [INFO] Processing update
{
  "updateId": 707329998
}
2025-11-26 01:17:56 +02:00: ℹ️ [2025-11-25T23:17:56.797Z] [INFO] Processing update
{
  "updateId": 707329999
}
2025-11-26 01:18:12 +02:00: ℹ️ [2025-11-25T23:18:12.529Z] [INFO] Processing update
{
  "updateId": 707330000
}
2025-11-26 01:18:12 +02:00: ℹ️ [2025-11-25T23:18:12.630Z] [INFO] Book added successfully
{
  "id": 31,
  "title": "Козачка"
}
2025-11-26 01:18:12 +02:00: ℹ️ [2025-11-25T23:18:12.637Z] [INFO] Book detailed stats retrieved
{
  "bookId": 31
}
2025-11-26 01:18:12 +02:00: ℹ️ [2025-11-25T23:18:12.745Z] [INFO] User action: book_published
{
  "userId": 906087418,
  "title": "Козачка",
  "formats": {
    "hasFile": true,
    "hasAudio": true,
    "hasLink": true
  },
  "tagsCount": 4
}
2025-11-26 01:18:15 +02:00: ℹ️ [2025-11-25T23:18:15.117Z] [INFO] Processing update
{
  "updateId": 707330001
}
2025-11-26 01:18:15 +02:00: ℹ️ [2025-11-25T23:18:15.210Z] [INFO] User action: view_catalog_main
{
  "userId": 906087418
}
2025-11-26 01:18:16 +02:00: ℹ️ [2025-11-25T23:18:16.778Z] [INFO] Processing update
{
  "updateId": 707330002
}
2025-11-26 01:18:17 +02:00: ℹ️ [2025-11-25T23:18:17.001Z] [INFO] User action: view_podcasts_catalog
{
  "userId": 906087418
}
2025-11-26 01:18:18 +02:00: ℹ️ [2025-11-25T23:18:18.104Z] [INFO] Processing update
{
  "updateId": 707330003
}
2025-11-26 01:18:18 +02:00: ℹ️ [2025-11-25T23:18:18.342Z] [INFO] User action: view_podcast
{
  "userId": 906087418,
  "podcastId": 1,
  "theme": "Хто такий аналітик в армії"
}
2025-11-26 01:18:23 +02:00: ℹ️ [2025-11-25T23:18:23.170Z] [INFO] Processing update
{
  "updateId": 707330004
}
2025-11-26 01:18:23 +02:00: ℹ️ [2025-11-25T23:18:23.266Z] [INFO] Podcast listen incremented
{
  "podcastId": 1,
  "userId": 906087418
}
2025-11-26 01:18:23 +02:00: ℹ️ [2025-11-25T23:18:23.434Z] [INFO] User action: listen_podcast
{
  "userId": 906087418,
  "podcastId": 1,
  "theme": "Хто такий аналітик в армії"
}
2025-11-26 01:18:32 +02:00: ℹ️ [2025-11-25T23:18:32.903Z] [INFO] Processing update
{
  "updateId": 707330005
}
2025-11-26 01:18:39 +02:00: ℹ️ [2025-11-25T23:18:39.689Z] [INFO] Processing update
{
  "updateId": 707330006
}
2025-11-26 01:18:43 +02:00: ℹ️ [2025-11-25T23:18:43.457Z] [INFO] Processing update
{
  "updateId": 707330007
}
2025-11-26 01:18:43 +02:00: ℹ️ [2025-11-25T23:18:43.553Z] [INFO] User action: view_catalog_main
{
  "userId": 906087418
}
2025-11-26 01:18:44 +02:00: ℹ️ [2025-11-25T23:18:44.775Z] [INFO] Processing update
{
  "updateId": 707330008
}
2025-11-26 01:18:45 +02:00: ℹ️ [2025-11-25T23:18:45.067Z] [INFO] User action: view_catalog_books
{
  "userId": 906087418
}
2025-11-26 01:18:46 +02:00: ℹ️ [2025-11-25T23:18:46.468Z] [INFO] Processing update
{
  "updateId": 707330009
}
2025-11-26 01:18:49 +02:00: ℹ️ [2025-11-25T23:18:49.341Z] [INFO] Processing update
{
  "updateId": 707330010
}
2025-11-26 01:18:49 +02:00: ℹ️ [2025-11-25T23:18:49.439Z] [INFO] User action: view_catalog_main
{
  "userId": 906087418
}
2025-11-26 01:18:50 +02:00: ℹ️ [2025-11-25T23:18:50.855Z] [INFO] Processing update
{
  "updateId": 707330011
}
2025-11-26 01:18:51 +02:00: ℹ️ [2025-11-25T23:18:51.023Z] [INFO] User action: view_catalog_books
{
  "userId": 906087418
}
2025-11-26 01:18:52 +02:00: ℹ️ [2025-11-25T23:18:52.100Z] [INFO] Processing update
{
  "updateId": 707330012
}
2025-11-26 01:18:52 +02:00: ℹ️ [2025-11-25T23:18:52.267Z] [INFO] User action: view_catalog_new
{
  "userId": 906087418
}
2025-11-26 01:18:53 +02:00: ℹ️ [2025-11-25T23:18:53.432Z] [INFO] Processing update
{
  "updateId": 707330013
}
2025-11-26 01:18:53 +02:00: ℹ️ [2025-11-25T23:18:53.514Z] [INFO] Book detailed stats retrieved
{
  "bookId": 31
}
2025-11-26 01:18:53 +02:00: ℹ️ [2025-11-25T23:18:53.625Z] [INFO] User action: view_book
{
  "userId": 906087418,
  "bookId": 31
}
2025-11-26 01:19:06 +02:00: ℹ️ [2025-11-25T23:19:06.146Z] [INFO] Processing update
{
  "updateId": 707330014
}
2025-11-26 01:19:06 +02:00: ℹ️ [2025-11-25T23:19:06.341Z] [INFO] User action: start_order_book
{
  "userId": 906087418,
  "bookId": 31
}
2025-11-26 01:19:13 +02:00: ℹ️ [2025-11-25T23:19:13.933Z] [INFO] Processing update
{
  "updateId": 707330015
}
2025-11-26 01:19:20 +02:00: ℹ️ [2025-11-25T23:19:20.831Z] [INFO] Processing update
{
  "updateId": 707330016
}
2025-11-26 01:19:28 +02:00: ℹ️ [2025-11-25T23:19:28.105Z] [INFO] Processing update
{
  "updateId": 707330017
}
2025-11-26 01:19:37 +02:00: ℹ️ [2025-11-25T23:19:37.631Z] [INFO] Processing update
{
  "updateId": 707330018
}
2025-11-26 01:19:40 +02:00: ℹ️ [2025-11-25T23:19:40.930Z] [INFO] Processing update
{
  "updateId": 707330019
}
2025-11-26 01:19:41 +02:00: ℹ️ [2025-11-25T23:19:41.039Z] [INFO] Book order created
{
  "orderId": 1,
  "userId": 906087418
}
2025-11-26 01:19:41 +02:00: ℹ️ [2025-11-25T23:19:41.039Z] [INFO] Book order created: 1 by user 906087418 for book 31
2025-11-26 01:19:59 +02:00: ℹ️ [2025-11-25T23:19:59.781Z] [INFO] Processing update
{
  "updateId": 707330020
}
2025-11-26 01:19:59 +02:00: ℹ️ [2025-11-25T23:19:59.889Z] [INFO] User action: view_catalog_main
{
  "userId": 906087418
}
2025-11-26 01:20:01 +02:00: ℹ️ [2025-11-25T23:20:01.284Z] [INFO] Processing update
{
  "updateId": 707330021
}
2025-11-26 01:20:01 +02:00: ℹ️ [2025-11-25T23:20:01.448Z] [INFO] User action: view_catalog_books
{
  "userId": 906087418
}
2025-11-26 01:20:03 +02:00: ℹ️ [2025-11-25T23:20:03.835Z] [INFO] Processing update
{
  "updateId": 707330022
}
2025-11-26 01:20:04 +02:00: ℹ️ [2025-11-25T23:20:04.213Z] [INFO] User action: view_catalog_new
{
  "userId": 906087418
}
2025-11-26 01:20:05 +02:00: ℹ️ [2025-11-25T23:20:05.047Z] [INFO] Processing update
{
  "updateId": 707330023
}
2025-11-26 01:20:05 +02:00: ℹ️ [2025-11-25T23:20:05.156Z] [INFO] Book detailed stats retrieved
{
  "bookId": 31
}
2025-11-26 01:20:05 +02:00: ℹ️ [2025-11-25T23:20:05.266Z] [INFO] User action: view_book
{
  "userId": 906087418,
  "bookId": 31
}
2025-11-26 01:20:07 +02:00: ℹ️ [2025-11-25T23:20:07.248Z] [INFO] Processing update
{
  "updateId": 707330024
}
2025-11-26 01:20:07 +02:00: ℹ️ [2025-11-25T23:20:07.266Z] [INFO] Book saved
{
  "userId": 906087418,
  "bookId": 31
}
2025-11-26 01:20:07 +02:00: ℹ️ [2025-11-25T23:20:07.267Z] [INFO] Added genre to user favorites
{
  "userId": 906087418,
  "genre": "Художня література\nІсторія\nДрама"
}
2025-11-26 01:20:10 +02:00: ℹ️ [2025-11-25T23:20:10.820Z] [INFO] Processing update
{
  "updateId": 707330025
}
2025-11-26 01:20:10 +02:00: ℹ️ [2025-11-25T23:20:10.997Z] [INFO] User action: start_rate_book
{
  "userId": 906087418,
  "bookId": 31
}
2025-11-26 01:20:11 +02:00: ℹ️ [2025-11-25T23:20:11.950Z] [INFO] Processing update
{
  "updateId": 707330026
}
2025-11-26 01:20:19 +02:00: ℹ️ [2025-11-25T23:20:19.688Z] [INFO] Processing update
{
  "updateId": 707330027
}
2025-11-26 01:20:19 +02:00: ℹ️ [2025-11-25T23:20:19.705Z] [INFO] Review added successfully
{
  "id": 1,
  "book_id": 31,
  "user_id": 906087418
}
2025-11-26 01:20:24 +02:00: ℹ️ [2025-11-25T23:20:24.568Z] [INFO] Processing update
{
  "updateId": 707330028
}
2025-11-26 01:20:24 +02:00: ℹ️ [2025-11-25T23:20:24.664Z] [INFO] User action: view_catalog_main
{
  "userId": 906087418
}
2025-11-26 01:20:26 +02:00: ℹ️ [2025-11-25T23:20:26.112Z] [INFO] Processing update
{
  "updateId": 707330029
}
2025-11-26 01:20:26 +02:00: ℹ️ [2025-11-25T23:20:26.283Z] [INFO] User action: view_catalog_books
{
  "userId": 906087418
}
2025-11-26 01:20:29 +02:00: ℹ️ [2025-11-25T23:20:29.191Z] [INFO] Processing update
{
  "updateId": 707330030
}
2025-11-26 01:20:29 +02:00: ℹ️ [2025-11-25T23:20:29.366Z] [INFO] User action: view_catalog_alpha
{
  "userId": 906087418
}
2025-11-26 01:20:30 +02:00: ℹ️ [2025-11-25T23:20:30.502Z] [INFO] Processing update
{
  "updateId": 707330031
}
2025-11-26 01:20:30 +02:00: ℹ️ [2025-11-25T23:20:30.580Z] [INFO] Book detailed stats retrieved
{
  "bookId": 31
}
2025-11-26 01:20:30 +02:00: ℹ️ [2025-11-25T23:20:30.685Z] [INFO] User action: view_book
{
  "userId": 906087418,
  "bookId": 31
}
2025-11-26 01:20:33 +02:00: ℹ️ [2025-11-25T23:20:33.022Z] [INFO] Processing update
{
  "updateId": 707330032
}
2025-11-26 01:20:33 +02:00: ℹ️ [2025-11-25T23:20:33.023Z] [INFO] PDF download requested
{
  "userId": 906087418,
  "bookId": 31
}
2025-11-26 01:20:33 +02:00: ℹ️ [2025-11-25T23:20:33.126Z] [INFO] Book file availability
{
  "bookId": 31,
  "title": "Козачка",
  "hasPdfFileId": true,
  "hasFileUrl": false,
  "pdfFileId": "present",
  "fileUrl": "missing"
}
2025-11-26 01:20:33 +02:00: ℹ️ [2025-11-25T23:20:33.142Z] [INFO] Downloads incremented
{
  "bookId": 31
}
2025-11-26 01:20:33 +02:00: ℹ️ [2025-11-25T23:20:33.143Z] [INFO] PDF download attempt
{
  "bookId": 31,
  "hasTelegramFileId": true,
  "fileIdStart": "BQACAgIAAx",
  "isValidTelegramId": true
}
2025-11-26 01:20:33 +02:00: ℹ️ [2025-11-25T23:20:33.143Z] [INFO] Sending PDF via Telegram file_id
{
  "bookId": 31,
  "fileIdLength": 71
}
2025-11-26 01:20:33 +02:00: ℹ️ [2025-11-25T23:20:33.408Z] [INFO] PDF sent successfully
{
  "bookId": 31,
  "userId": 906087418
}
2025-11-26 01:20:33 +02:00: ℹ️ [2025-11-25T23:20:33.408Z] [INFO] User action: download_pdf
{
  "userId": 906087418,
  "bookId": 31
}
2025-11-26 01:20:35 +02:00: ℹ️ [2025-11-25T23:20:35.284Z] [INFO] Processing update
{
  "updateId": 707330033
}
2025-11-26 01:20:35 +02:00: ℹ️ [2025-11-25T23:20:35.371Z] [INFO] Downloads incremented
{
  "bookId": 31
}
2025-11-26 01:20:35 +02:00: ℹ️ [2025-11-25T23:20:35.512Z] [INFO] User action: download_audio
{
  "userId": 906087418,
  "bookId": 31
}
2025-11-26 01:20:52 +02:00: ℹ️ [2025-11-25T23:20:52.014Z] [INFO] Processing update
{
  "updateId": 707330034
}
2025-11-26 01:20:57 +02:00: ℹ️ [2025-11-25T23:20:57.650Z] [INFO] Processing update
{
  "updateId": 707330035
}
2025-11-26 01:20:57 +02:00: ℹ️ [2025-11-25T23:20:57.845Z] [INFO] User action: view_help
{
  "userId": 906087418
}
2025-11-26 01:21:00 +02:00: ℹ️ [2025-11-25T23:21:00.426Z] [INFO] Processing update
{
  "updateId": 707330036
}
2025-11-26 01:21:00 +02:00: ℹ️ [2025-11-25T23:21:00.427Z] [INFO] /admin command received
{
  "userId": 906087418
}
2025-11-26 01:21:03 +02:00: ℹ️ [2025-11-25T23:21:03.314Z] [INFO] Processing update
{
  "updateId": 707330037
}
2025-11-26 01:21:07 +02:00: ℹ️ [2025-11-25T23:21:07.355Z] [INFO] Processing update
{
  "updateId": 707330038
}
2025-11-26 01:21:07 +02:00: ℹ️ [2025-11-25T23:21:07.373Z] [INFO] Review approved
{
  "reviewId": 1,
  "changes": 1
}
2025-11-26 01:21:11 +02:00: ℹ️ [2025-11-25T23:21:11.571Z] [INFO] Processing update
{
  "updateId": 707330039
}
2025-11-26 01:21:27 +02:00: ℹ️ [2025-11-25T23:21:27.211Z] [INFO] Processing update
{
  "updateId": 707330040
}
2025-11-26 01:21:27 +02:00: ℹ️ [2025-11-25T23:21:27.343Z] [INFO] User action: view_help
{
  "userId": 906087418
}
2025-11-26 01:21:33 +02:00: ℹ️ [2025-11-25T23:21:33.434Z] [INFO] Processing update
{
  "updateId": 707330041
}
2025-11-26 01:21:33 +02:00: ℹ️ [2025-11-25T23:21:33.434Z] [INFO] /admin command received
{
  "userId": 906087418
}
2025-11-26 01:21:39 +02:00: ℹ️ [2025-11-25T23:21:39.390Z] [INFO] Processing update
{
  "updateId": 707330042
}
2025-11-26 01:21:44 +02:00: ℹ️ [2025-11-25T23:21:44.311Z] [INFO] Processing update
{
  "updateId": 707330043
}
2025-11-26 01:21:48 +02:00: ℹ️ [2025-11-25T23:21:48.491Z] [INFO] Processing update
{
  "updateId": 707330044
}
2025-11-26 01:21:51 +02:00: ℹ️ [2025-11-25T23:21:51.614Z] [INFO] Processing update
{
  "updateId": 707330045
}
2025-11-26 01:21:55 +02:00: ℹ️ [2025-11-25T23:21:55.371Z] [INFO] Processing update
{
  "updateId": 707330046
}
2025-11-26 01:21:57 +02:00: ℹ️ [2025-11-25T23:21:57.101Z] [INFO] Processing update
{
  "updateId": 707330047
}
2025-11-26 01:22:20 +02:00: ℹ️ [2025-11-25T23:22:20.979Z] [INFO] Processing update
{
  "updateId": 707330048
}
2025-11-26 01:22:37 +02:00: ℹ️ [2025-11-25T23:22:37.314Z] [INFO] Processing update
{
  "updateId": 707330049
}
2025-11-26 01:22:44 +02:00: ℹ️ [2025-11-25T23:22:44.901Z] [INFO] Processing update
{
  "updateId": 707330050
}
2025-11-26 01:22:59 +02:00: ℹ️ [2025-11-25T23:22:59.908Z] [INFO] Processing update
{
  "updateId": 707330051
}
2025-11-26 01:23:01 +02:00: ℹ️ [2025-11-25T23:23:01.373Z] [INFO] Processing update
{
  "updateId": 707330052
}
2025-11-26 01:23:02 +02:00: ℹ️ [2025-11-25T23:23:02.989Z] [INFO] Processing update
{
  "updateId": 707330053
}
2025-11-26 01:23:10 +02:00: ℹ️ [2025-11-25T23:23:10.068Z] [INFO] Processing update
{
  "updateId": 707330054
}
2025-11-26 01:23:14 +02:00: ℹ️ [2025-11-25T23:23:14.574Z] [INFO] Processing update
{
  "updateId": 707330055
}
2025-11-26 01:23:14 +02:00: ℹ️ [2025-11-25T23:23:14.674Z] [INFO] Book info updated
{
  "bookId": 31,
  "field": "recommended_age",
  "changes": 1
}
2025-11-26 01:23:14 +02:00: ℹ️ [2025-11-25T23:23:14.683Z] [INFO] Book info updated
{
  "bookId": 31,
  "field": "content_warnings",
  "changes": 1
}
2025-11-26 01:23:21 +02:00: ℹ️ [2025-11-25T23:23:21.079Z] [INFO] Processing update
{
  "updateId": 707330056
}
2025-11-26 01:23:22 +02:00: ℹ️ [2025-11-25T23:23:22.978Z] [INFO] Processing update
{
  "updateId": 707330057
}
2025-11-26 01:23:23 +02:00: ℹ️ [2025-11-25T23:23:23.153Z] [INFO] User action: back_to_menu
{
  "userId": 906087418
}
2025-11-26 01:23:25 +02:00: ℹ️ [2025-11-25T23:23:25.138Z] [INFO] Processing update
{
  "updateId": 707330058
}
2025-11-26 01:23:25 +02:00: ℹ️ [2025-11-25T23:23:25.227Z] [INFO] User action: view_catalog_main
{
  "userId": 906087418
}
2025-11-26 01:23:26 +02:00: ℹ️ [2025-11-25T23:23:26.631Z] [INFO] Processing update
{
  "updateId": 707330059
}
2025-11-26 01:23:26 +02:00: ℹ️ [2025-11-25T23:23:26.794Z] [INFO] User action: view_catalog_books
{
  "userId": 906087418
}
2025-11-26 01:23:29 +02:00: ℹ️ [2025-11-25T23:23:29.370Z] [INFO] Processing update
{
  "updateId": 707330060
}
2025-11-26 01:23:32 +02:00: ℹ️ [2025-11-25T23:23:32.197Z] [INFO] Processing update
{
  "updateId": 707330061
}
2025-11-26 01:23:32 +02:00: ℹ️ [2025-11-25T23:23:32.393Z] [INFO] User action: view_catalog_main
{
  "userId": 906087418
}
2025-11-26 01:23:33 +02:00: ℹ️ [2025-11-25T23:23:33.597Z] [INFO] Processing update
{
  "updateId": 707330062
}
2025-11-26 01:23:33 +02:00: ℹ️ [2025-11-25T23:23:33.880Z] [INFO] User action: view_catalog_books
{
  "userId": 906087418
}
2025-11-26 01:23:35 +02:00: ℹ️ [2025-11-25T23:23:35.033Z] [INFO] Processing update
{
  "updateId": 707330063
}
2025-11-26 01:23:35 +02:00: ℹ️ [2025-11-25T23:23:35.199Z] [INFO] User action: view_catalog_new
{
  "userId": 906087418
}
2025-11-26 01:23:36 +02:00: ℹ️ [2025-11-25T23:23:36.404Z] [INFO] Processing update
{
  "updateId": 707330064
}
2025-11-26 01:23:36 +02:00: ℹ️ [2025-11-25T23:23:36.505Z] [INFO] Book detailed stats retrieved
{
  "bookId": 31
}
2025-11-26 01:23:36 +02:00: ℹ️ [2025-11-25T23:23:36.612Z] [INFO] User action: view_book
{
  "userId": 906087418,
  "bookId": 31
}
2025-11-26 01:23:47 +02:00: ℹ️ [2025-11-25T23:23:47.648Z] [INFO] Processing update
{
  "updateId": 707330065
}
2025-11-26 01:23:47 +02:00: ℹ️ [2025-11-25T23:23:47.760Z] [INFO] User action: view_profile
{
  "userId": 906087418
}
2025-11-26 01:23:47 +02:00: ℹ️ [2025-11-25T23:23:47.760Z] [INFO] User action: view_profile
{
  "userId": 906087418
}
2025-11-26 01:23:49 +02:00: ℹ️ [2025-11-25T23:23:49.230Z] [INFO] Processing update
{
  "updateId": 707330066
}
2025-11-26 01:23:49 +02:00: ℹ️ [2025-11-25T23:23:49.439Z] [INFO] User action: ai_personal_collection
{
  "userId": 906087418,
  "booksFound": 1
}
2025-11-26 01:23:53 +02:00: ℹ️ [2025-11-25T23:23:53.598Z] [INFO] Processing update
{
  "updateId": 707330067
}
2025-11-26 01:23:53 +02:00: ℹ️ [2025-11-25T23:23:53.677Z] [INFO] User action: start_ai_assistant_from_profile
{
  "userId": 906087418
}
2025-11-26 01:23:58 +02:00: ℹ️ [2025-11-25T23:23:58.717Z] [INFO] Processing update
{
  "updateId": 707330068
}
2025-11-26 01:24:01 +02:00: ℹ️ [2025-11-25T23:24:01.430Z] [INFO] Processing update
{
  "updateId": 707330069
}
2025-11-26 01:24:03 +02:00: ℹ️ [2025-11-25T23:24:03.412Z] [INFO] Processing update
{
  "updateId": 707330070
}
2025-11-26 01:24:03 +02:00: ℹ️ [2025-11-25T23:24:03.689Z] [INFO] User action: ai_assistant_selection
{
  "userId": 906087418,
  "interest": "interest_any",
  "format": "format_link",
  "mood": "mood_any",
  "booksFound": 1
}
2025-11-26 01:24:08 +02:00: ℹ️ [2025-11-25T23:24:08.690Z] [INFO] Processing update
{
  "updateId": 707330071
}
2025-11-26 01:24:11 +02:00: ℹ️ [2025-11-25T23:24:11.602Z] [INFO] Processing update
{
  "updateId": 707330072
}
2025-11-26 01:24:11 +02:00: ℹ️ [2025-11-25T23:24:11.797Z] [INFO] User action: view_stats
{
  "userId": 906087418
}
2025-11-26 01:24:16 +02:00: ℹ️ [2025-11-25T23:24:16.949Z] [INFO] Processing update
{
  "updateId": 707330073
}
2025-11-26 01:24:19 +02:00: ℹ️ [2025-11-25T23:24:19.512Z] [INFO] Processing update
{
  "updateId": 707330074
}
2025-11-26 01:24:19 +02:00: ℹ️ [2025-11-25T23:24:19.692Z] [INFO] User action: view_my_orders
{
  "userId": 906087418,
  "ordersCount": 1
}
2025-11-26 01:24:35 +02:00: ℹ️ [2025-11-25T23:24:35.092Z] [INFO] Processing update
{
  "updateId": 707330075
}
2025-11-26 01:24:35 +02:00: ℹ️ [2025-11-25T23:24:35.243Z] [INFO] User action: view_help
{
  "userId": 906087418
}
2025-11-26 01:24:41 +02:00: ℹ️ [2025-11-25T23:24:41.134Z] [INFO] Processing update
{
  "updateId": 707330076
}
2025-11-26 01:24:45 +02:00: ℹ️ [2025-11-25T23:24:45.010Z] [INFO] Processing update
{
  "updateId": 707330077
}
2025-11-26 01:24:49 +02:00: ℹ️ [2025-11-25T23:24:49.360Z] [INFO] Processing update
{
  "updateId": 707330078
}
2025-11-26 01:24:50 +02:00: ℹ️ [2025-11-25T23:24:50.325Z] [INFO] Processing update
{
  "updateId": 707330079
}
2025-11-26 01:24:55 +02:00: ℹ️ [2025-11-25T23:24:55.997Z] [INFO] Processing update
{
  "updateId": 707330080
}
2025-11-26 01:24:57 +02:00: ℹ️ [2025-11-25T23:24:57.308Z] [INFO] Processing update
{
  "updateId": 707330081
}
2025-11-26 01:24:59 +02:00: ℹ️ [2025-11-25T23:24:59.704Z] [INFO] Processing update
{
  "updateId": 707330082
}
2025-11-26 01:25:00 +02:00: ℹ️ [2025-11-25T23:25:00.760Z] [INFO] Processing update
{
  "updateId": 707330083
}
2025-11-26 01:25:02 +02:00: ℹ️ [2025-11-25T23:25:02.929Z] [INFO] Processing update
{
  "updateId": 707330084
}
2025-11-26 01:25:04 +02:00: ℹ️ [2025-11-25T23:25:04.006Z] [INFO] Processing update
{
  "updateId": 707330085
}
2025-11-26 01:25:06 +02:00: ℹ️ [2025-11-25T23:25:06.440Z] [INFO] Processing update
{
  "updateId": 707330086
}
2025-11-26 01:25:07 +02:00: ℹ️ [2025-11-25T23:25:07.545Z] [INFO] Processing update
{
  "updateId": 707330087
}
2025-11-26 01:25:10 +02:00: ℹ️ [2025-11-25T23:25:10.108Z] [INFO] Processing update
{
  "updateId": 707330088
}
2025-11-26 01:25:17 +02:00: ℹ️ [2025-11-25T23:25:17.237Z] [INFO] Processing update
{
  "updateId": 707330089
}
2025-11-26 01:25:17 +02:00: ℹ️ [2025-11-25T23:25:17.347Z] [INFO] User action: view_help
{
  "userId": 906087418
}
2025-11-26 01:25:21 +02:00: ℹ️ [2025-11-25T23:25:21.427Z] [INFO] Processing update
{
  "updateId": 707330090
}
2025-11-26 01:25:21 +02:00: ℹ️ [2025-11-25T23:25:21.427Z] [INFO] /admin command received
{
  "userId": 906087418
}
2025-11-26 01:25:25 +02:00: ℹ️ [2025-11-25T23:25:25.425Z] [INFO] Processing update
{
  "updateId": 707330091
}
2025-11-26 01:25:26 +02:00: ℹ️ [2025-11-25T23:25:26.615Z] [INFO] Processing update
{
  "updateId": 707330092
}
2025-11-26 01:25:29 +02:00: ℹ️ [2025-11-25T23:25:29.212Z] [INFO] Processing update
{
  "updateId": 707330093
}
2025-11-26 01:25:30 +02:00: ℹ️ [2025-11-25T23:25:30.281Z] [INFO] Processing update
{
  "updateId": 707330094
}
2025-11-26 01:25:32 +02:00: ℹ️ [2025-11-25T23:25:32.831Z] [INFO] Processing update
{
  "updateId": 707330095
}
2025-11-26 01:25:34 +02:00: ℹ️ [2025-11-25T23:25:34.213Z] [INFO] Processing update
{
  "updateId": 707330096
}
2025-11-26 01:25:37 +02:00: ℹ️ [2025-11-25T23:25:37.244Z] [INFO] Processing update
{
  "updateId": 707330097
}
2025-11-26 01:25:39 +02:00: ℹ️ [2025-11-25T23:25:39.207Z] [INFO] Processing update
{
  "updateId": 707330098
}
2025-11-26 01:25:41 +02:00: ℹ️ [2025-11-25T23:25:41.751Z] [INFO] Processing update
{
  "updateId": 707330099
}
2025-11-26 01:25:43 +02:00: ℹ️ [2025-11-25T23:25:43.091Z] [INFO] Processing update
{
  "updateId": 707330100
}
2025-11-26 01:25:48 +02:00: ℹ️ [2025-11-25T23:25:48.057Z] [INFO] Processing update
{
  "updateId": 707330101
}
2025-11-26 01:25:53 +02:00: ℹ️ [2025-11-25T23:25:53.715Z] [INFO] Processing update
{
  "updateId": 707330102
}
2025-11-26 01:25:58 +02:00: ℹ️ [2025-11-25T23:25:58.677Z] [INFO] Processing update
{
  "updateId": 707330103
}
2025-11-26 01:26:00 +02:00: ℹ️ [2025-11-25T23:26:00.891Z] [INFO] Processing update
{
  "updateId": 707330104
}
2025-11-26 01:26:02 +02:00: ℹ️ [2025-11-25T23:26:02.621Z] [INFO] Processing update
{
  "updateId": 707330105
}
2025-11-26 01:26:04 +02:00: ℹ️ [2025-11-25T23:26:04.100Z] [INFO] Processing update
{
  "updateId": 707330106
}
2025-11-26 01:26:04 +02:00: ℹ️ [2025-11-25T23:26:04.210Z] [INFO] Bot restart initiated by admin
{
  "userId": 906087418
}
2025-11-26 01:26:06 +02:00: ℹ️ [2025-11-25T23:26:06.298Z] [INFO] Executing bot restart...
2025-11-26 01:26:06 +02:00: ℹ️ [2025-11-25T23:26:06.707Z] [INFO] Environment validation passed
{
  "nodeEnv": "production"
}
2025-11-26 01:26:06 +02:00: ℹ️ [2025-11-25T23:26:06.709Z] [INFO] Environment variables validated successfully
2025-11-26 01:26:06 +02:00: ℹ️ [2025-11-25T23:26:06.709Z] [INFO] Bootstrapping service container...
2025-11-26 01:26:06 +02:00: ℹ️ [2025-11-25T23:26:06.709Z] [INFO] Service container bootstrapped successfully
2025-11-26 01:26:06 +02:00: ℹ️ [2025-11-25T23:26:06.737Z] [INFO] Registering handlers...
2025-11-26 01:26:06 +02:00: ℹ️ [2025-11-25T23:26:06.738Z] [INFO] Admin handlers registered
2025-11-26 01:26:06 +02:00: ℹ️ [2025-11-25T23:26:06.739Z] [INFO] Admin handlers registered
2025-11-26 01:26:06 +02:00: ℹ️ [2025-11-25T23:26:06.739Z] [INFO] Registering user handlers...
2025-11-26 01:26:06 +02:00: ℹ️ [2025-11-25T23:26:06.742Z] [INFO] ✅ All user handlers registered successfully
2025-11-26 01:26:06 +02:00: ℹ️ [2025-11-25T23:26:06.742Z] [INFO] User handlers registered
2025-11-26 01:26:06 +02:00: ℹ️ [2025-11-25T23:26:06.743Z] [INFO] Starting bot launch
2025-11-26 01:26:06 +02:00: ℹ️ [2025-11-25T23:26:06.743Z] [INFO] Initializing database...
2025-11-26 01:26:06 +02:00: ℹ️ [2025-11-25T23:26:06.781Z] [INFO] SQLite PRAGMA configured
{
  "foreign_keys": "ON",
  "busy_timeout": 3000,
  "journal_mode": "WAL"
}
2025-11-26 01:26:06 +02:00: ℹ️ [2025-11-25T23:26:06.787Z] [INFO] Database initialized successfully
{
  "booksCount": 1
}
2025-11-26 01:26:06 +02:00: ℹ️ [2025-11-25T23:26:06.787Z] [INFO] Database initialized successfully
2025-11-26 01:26:06 +02:00: ℹ️ [2025-11-25T23:26:06.787Z] [INFO] Running database migrations...
2025-11-26 01:26:06 +02:00: ℹ️ [2025-11-25T23:26:06.790Z] [INFO] Physical books system initialized successfully
2025-11-26 01:26:06 +02:00: ℹ️ [2025-11-25T23:26:06.790Z] [INFO] 🔄 Running database migrations...

2025-11-26 01:26:06 +02:00: ℹ️ [2025-11-25T23:26:06.792Z] [INFO] 📊 Status: 11/11 migrations completed

2025-11-26 01:26:06 +02:00: ℹ️ [2025-11-25T23:26:06.792Z] [INFO] ✅ Database is up to date - no pending migrations
2025-11-26 01:26:06 +02:00: ℹ️ [2025-11-25T23:26:06.792Z] [INFO] Database migrations completed
{
  "count": 0
}
2025-11-26 01:26:06 +02:00: ℹ️ [2025-11-25T23:26:06.792Z] [INFO] Launching bot...
2025-11-26 01:26:10 +02:00: ℹ️ [2025-11-25T23:26:10.781Z] [INFO] Processing update
{
  "updateId": 707330107
}
2025-11-26 01:26:10 +02:00: ℹ️ [2025-11-25T23:26:10.784Z] [INFO] /admin command received
{
  "userId": 906087418
}
2025-11-26 01:26:13 +02:00: ℹ️ [2025-11-25T23:26:13.887Z] [INFO] Processing update
{
  "updateId": 707330108
}
2025-11-26 01:26:17 +02:00: ℹ️ [2025-11-25T23:26:17.515Z] [INFO] Processing update
{
  "updateId": 707330109
}
2025-11-26 01:26:20 +02:00: ℹ️ [2025-11-25T23:26:20.309Z] [INFO] Processing update
{
  "updateId": 707330110
}
2025-11-26 01:26:20 +02:00: ℹ️ [2025-11-25T23:26:20.393Z] [INFO] Feedback messages loaded
{
  "pending": 0,
  "total": 1
}
2025-11-26 01:26:23 +02:00: ℹ️ [2025-11-25T23:26:23.509Z] [INFO] Processing update
{
  "updateId": 707330111
}
2025-11-26 01:26:23 +02:00: ℹ️ [2025-11-25T23:26:23.588Z] [INFO] Feedback history loaded
{
  "count": 1
}
2025-11-26 01:26:37 +02:00: ℹ️ [2025-11-25T23:26:37.744Z] [INFO] Processing update
{
  "updateId": 707330112
}
2025-11-26 01:26:38 +02:00: ℹ️ [2025-11-25T23:26:38.028Z] [INFO] User action: go_home_action
{
  "userId": 906087418
}
2025-11-26 01:26:41 +02:00: ℹ️ [2025-11-25T23:26:41.004Z] [INFO] Processing update
{
  "updateId": 707330113
}
2025-11-26 01:26:41 +02:00: ℹ️ [2025-11-25T23:26:41.141Z] [INFO] User action: view_help
{
  "userId": 906087418
}
2025-11-26 01:26:45 +02:00: ℹ️ [2025-11-25T23:26:45.984Z] [INFO] Processing update
{
  "updateId": 707330114
}
2025-11-26 01:26:45 +02:00: ℹ️ [2025-11-25T23:26:45.985Z] [INFO] /admin command received
{
  "userId": 906087418
}
2025-11-26 01:26:59 +02:00: ℹ️ [2025-11-25T23:26:59.010Z] [INFO] Processing update
{
  "updateId": 707330115
}
2025-11-26 01:27:03 +02:00: ℹ️ [2025-11-25T23:27:03.463Z] [INFO] Processing update
{
  "updateId": 707330116
}
2025-11-26 01:27:05 +02:00: ℹ️ [2025-11-25T23:27:05.667Z] [INFO] Processing update
{
  "updateId": 707330117
}
2025-11-26 01:27:08 +02:00: ℹ️ [2025-11-25T23:27:08.073Z] [INFO] Processing update
{
  "updateId": 707330118
}
2025-11-26 01:27:11 +02:00: ℹ️ [2025-11-25T23:27:11.082Z] [INFO] Processing update
{
  "updateId": 707330119
}
2025-11-26 01:27:13 +02:00: ℹ️ [2025-11-25T23:27:13.712Z] [INFO] Processing update
{
  "updateId": 707330120
}
2025-11-26 01:27:13 +02:00: ℹ️ [2025-11-25T23:27:13.791Z] [INFO] Book deleted
{
  "bookId": 31,
  "adminId": 906087418
}
2025-11-26 01:27:15 +02:00: ℹ️ [2025-11-25T23:27:15.963Z] [INFO] Processing update
{
  "updateId": 707330121
}
2025-11-26 01:27:18 +02:00: ℹ️ [2025-11-25T23:27:18.611Z] [INFO] Processing update
{
  "updateId": 707330122
}
2025-11-26 01:27:39 +02:00: ℹ️ [2025-11-25T23:27:39.593Z] [INFO] Processing update
{
  "updateId": 707330123
}
2025-11-26 01:27:40 +02:00: ℹ️ [2025-11-25T23:27:40.933Z] [INFO] Processing update
{
  "updateId": 707330124
}
2025-11-26 01:27:41 +02:00: ℹ️ [2025-11-25T23:27:41.029Z] [INFO] Bot restart initiated by admin
{
  "userId": 906087418
}
2025-11-26 01:27:43 +02:00: ℹ️ [2025-11-25T23:27:43.123Z] [INFO] Executing bot restart...
